Component: ARM Compiler 5.06 update 6 (build 750) Tool: armlink [4d35ed]

==============================================================================

Section Cross References

    startup_stm32h723xx.o(RESET) refers to startup_stm32h723xx.o(STACK) for __initial_sp
    startup_stm32h723xx.o(RESET) refers to startup_stm32h723xx.o(.text) for Reset_Handler
    startup_stm32h723xx.o(RESET) refers to stm32h7xx_it.o(i.NMI_Handler) for NMI_Handler
    startup_stm32h723xx.o(RESET) refers to stm32h7xx_it.o(i.HardFault_Handler) for HardFault_Handler
    startup_stm32h723xx.o(RESET) refers to stm32h7xx_it.o(i.MemManage_Handler) for MemManage_Handler
    startup_stm32h723xx.o(RESET) refers to stm32h7xx_it.o(i.BusFault_Handler) for BusFault_Handler
    startup_stm32h723xx.o(RESET) refers to stm32h7xx_it.o(i.UsageFault_Handler) for UsageFault_Handler
    startup_stm32h723xx.o(RESET) refers to stm32h7xx_it.o(i.SVC_Handler) for SVC_Handler
    startup_stm32h723xx.o(RESET) refers to stm32h7xx_it.o(i.DebugMon_Handler) for DebugMon_Handler
    startup_stm32h723xx.o(RESET) refers to stm32h7xx_it.o(i.PendSV_Handler) for PendSV_Handler
    startup_stm32h723xx.o(RESET) refers to stm32h7xx_it.o(i.SysTick_Handler) for SysTick_Handler
    startup_stm32h723xx.o(RESET) refers to stm32h7xx_it.o(i.EXTI3_IRQHandler) for EXTI3_IRQHandler
    startup_stm32h723xx.o(RESET) refers to stm32h7xx_it.o(i.USART1_IRQHandler) for USART1_IRQHandler
    startup_stm32h723xx.o(RESET) refers to stm32h7xx_it.o(i.EXTI15_10_IRQHandler) for EXTI15_10_IRQHandler
    startup_stm32h723xx.o(RESET) refers to stm32h7xx_it.o(i.OTG_HS_IRQHandler) for OTG_HS_IRQHandler
    startup_stm32h723xx.o(.text) refers to system_stm32h7xx.o(i.SystemInit) for SystemInit
    startup_stm32h723xx.o(.text) refers to entry.o(.ARM.Collect$$$$00000000) for __main
    main.o(i.AD9833_Config) refers to main.o(i.AD9833_Write) for AD9833_Write
    main.o(i.AD9833_SetFreq) refers to ddiv.o(.text) for __aeabi_ddiv
    main.o(i.AD9833_SetFreq) refers to dmul.o(.text) for __aeabi_dmul
    main.o(i.AD9833_SetFreq) refers to dadd.o(.text) for __aeabi_dadd
    main.o(i.AD9833_SetFreq) refers to dfixi.o(.text) for __aeabi_d2iz
    main.o(i.AD9833_SetFreq) refers to main.o(i.AD9833_Write) for AD9833_Write
    main.o(i.AD9833_Write) refers to stm32h7xx_hal_spi.o(i.HAL_SPI_Transmit) for HAL_SPI_Transmit
    main.o(i.HAL_GPIO_EXTI_Callback) refers to stm32h7xx_hal_gpio.o(i.HAL_GPIO_ReadPin) for HAL_GPIO_ReadPin
    main.o(i.HAL_GPIO_EXTI_Callback) refers to main.o(.data) for .data
    main.o(i.HAL_GPIO_EXTI_Callback) refers to main.o(.bss) for .bss
    main.o(i.HAL_UART_RxCpltCallback) refers to stm32h7xx_hal_uart.o(i.HAL_UART_Receive_IT) for HAL_UART_Receive_IT
    main.o(i.HAL_UART_RxCpltCallback) refers to memcpya.o(.text) for __aeabi_memcpy4
    main.o(i.HAL_UART_RxCpltCallback) refers to syssense.o(i.State_CMD) for State_CMD
    main.o(i.HAL_UART_RxCpltCallback) refers to main.o(.data) for .data
    main.o(i.HAL_UART_RxCpltCallback) refers to main.o(.bss) for .bss
    main.o(i.Init_window_func) refers to arm_cos_f32.o(.text.arm_cos_f32) for arm_cos_f32
    main.o(i.Init_window_func) refers to f2d.o(.text) for __aeabi_f2d
    main.o(i.Init_window_func) refers to dmul.o(.text) for __aeabi_dmul
    main.o(i.Init_window_func) refers to dadd.o(.text) for __aeabi_drsub
    main.o(i.Init_window_func) refers to d2f.o(.text) for __aeabi_d2f
    main.o(i.MUX_4_16) refers to stm32h7xx_hal_gpio.o(i.HAL_GPIO_WritePin) for HAL_GPIO_WritePin
    main.o(i.MX_FMC_Init) refers to memseta.o(.text) for __aeabi_memclr4
    main.o(i.MX_FMC_Init) refers to stm32h7xx_hal_nor.o(i.HAL_NOR_Init) for HAL_NOR_Init
    main.o(i.MX_FMC_Init) refers to main.o(.bss) for .bss
    main.o(i.MX_GPIO_Init) refers to memseta.o(.text) for __aeabi_memclr4
    main.o(i.MX_GPIO_Init) refers to stm32h7xx_hal_gpio.o(i.HAL_GPIO_WritePin) for HAL_GPIO_WritePin
    main.o(i.MX_GPIO_Init) refers to stm32h7xx_hal_gpio.o(i.HAL_GPIO_Init) for HAL_GPIO_Init
    main.o(i.MX_GPIO_Init) refers to stm32h7xx_hal_cortex.o(i.HAL_NVIC_SetPriority) for HAL_NVIC_SetPriority
    main.o(i.MX_GPIO_Init) refers to stm32h7xx_hal_cortex.o(i.HAL_NVIC_EnableIRQ) for HAL_NVIC_EnableIRQ
    main.o(i.MX_SPI1_Init) refers to stm32h7xx_hal_spi.o(i.HAL_SPI_Init) for HAL_SPI_Init
    main.o(i.MX_SPI1_Init) refers to main.o(.bss) for .bss
    main.o(i.MX_TIM3_Init) refers to memseta.o(.text) for __aeabi_memclr4
    main.o(i.MX_TIM3_Init) refers to stm32h7xx_hal_tim.o(i.HAL_TIM_PWM_Init) for HAL_TIM_PWM_Init
    main.o(i.MX_TIM3_Init) refers to stm32h7xx_hal_tim_ex.o(i.HAL_TIMEx_MasterConfigSynchronization) for HAL_TIMEx_MasterConfigSynchronization
    main.o(i.MX_TIM3_Init) refers to stm32h7xx_hal_tim.o(i.HAL_TIM_PWM_ConfigChannel) for HAL_TIM_PWM_ConfigChannel
    main.o(i.MX_TIM3_Init) refers to stm32h7xx_hal_msp.o(i.HAL_TIM_MspPostInit) for HAL_TIM_MspPostInit
    main.o(i.MX_TIM3_Init) refers to main.o(.bss) for .bss
[...]
    LPTIM2_IRQHandler                        0x08000303   Thumb Code     0  startup_stm32h723xx.o(.text)
    LPTIM3_IRQHandler                        0x08000303   Thumb Code     0  startup_stm32h723xx.o(.text)
    LPTIM4_IRQHandler                        0x08000303   Thumb Code     0  startup_stm32h723xx.o(.text)
    LPTIM5_IRQHandler                        0x08000303   Thumb Code     0  startup_stm32h723xx.o(.text)
    LPUART1_IRQHandler                       0x08000303   Thumb Code     0  startup_stm32h723xx.o(.text)
    LTDC_ER_IRQHandler                       0x08000303   Thumb Code     0  startup_stm32h723xx.o(.text)
    LTDC_IRQHandler                          0x08000303   Thumb Code     0  startup_stm32h723xx.o(.text)
    MDIOS_IRQHandler                         0x08000303   Thumb Code     0  startup_stm32h723xx.o(.text)
    MDIOS_WKUP_IRQHandler                    0x08000303   Thumb Code     0  startup_stm32h723xx.o(.text)
    MDMA_IRQHandler                          0x08000303   Thumb Code     0  startup_stm32h723xx.o(.text)
    OCTOSPI1_IRQHandler                      0x08000303   Thumb Code     0  startup_stm32h723xx.o(.text)
    OCTOSPI2_IRQHandler                      0x08000303   Thumb Code     0  startup_stm32h723xx.o(.text)
    OTG_HS_EP1_IN_IRQHandler                 0x08000303   Thumb Code     0  startup_stm32h723xx.o(.text)
    OTG_HS_EP1_OUT_IRQHandler                0x08000303   Thumb Code     0  startup_stm32h723xx.o(.text)
    OTG_HS_WKUP_IRQHandler                   0x08000303   Thumb Code     0  startup_stm32h723xx.o(.text)
    PVD_AVD_IRQHandler                       0x08000303   Thumb Code     0  startup_stm32h723xx.o(.text)
    RCC_IRQHandler                           0x08000303   Thumb Code     0  startup_stm32h723xx.o(.text)
    RNG_IRQHandler                           0x08000303   Thumb Code     0  startup_stm32h723xx.o(.text)
    RTC_Alarm_IRQHandler                     0x08000303   Thumb Code     0  startup_stm32h723xx.o(.text)
    RTC_WKUP_IRQHandler                      0x08000303   Thumb Code     0  startup_stm32h723xx.o(.text)
    SAI1_IRQHandler                          0x08000303   Thumb Code     0  startup_stm32h723xx.o(.text)
    SAI4_IRQHandler                          0x08000303   Thumb Code     0  startup_stm32h723xx.o(.text)
    SDMMC1_IRQHandler                        0x08000303   Thumb Code     0  startup_stm32h723xx.o(.text)
    SDMMC2_IRQHandler                        0x08000303   Thumb Code     0  startup_stm32h723xx.o(.text)
    SPDIF_RX_IRQHandler                      0x08000303   Thumb Code     0  startup_stm32h723xx.o(.text)
    SPI1_IRQHandler                          0x08000303   Thumb Code     0  startup_stm32h723xx.o(.text)
    SPI2_IRQHandler                          0x08000303   Thumb Code     0  startup_stm32h723xx.o(.text)
    SPI3_IRQHandler                          0x08000303   Thumb Code     0  startup_stm32h723xx.o(.text)
    SPI4_IRQHandler                          0x08000303   Thumb Code     0  startup_stm32h723xx.o(.text)
    SPI5_IRQHandler                          0x08000303   Thumb Code     0  startup_stm32h723xx.o(.text)
    SPI6_IRQHandler                          0x08000303   Thumb Code     0  startup_stm32h723xx.o(.text)
    SWPMI1_IRQHandler                        0x08000303   Thumb Code     0  startup_stm32h723xx.o(.text)
    TAMP_STAMP_IRQHandler                    0x08000303   Thumb Code     0  startup_stm32h723xx.o(.text)
    TIM15_IRQHandler                         0x08000303   Thumb Code     0  startup_stm32h723xx.o(.text)
    TIM16_IRQHandler                         0x08000303   Thumb Code     0  startup_stm32h723xx.o(.text)
    TIM17_IRQHandler                         0x08000303   Thumb Code     0  startup_stm32h723xx.o(.text)
    TIM1_BRK_IRQHandler                      0x08000303   Thumb Code     0  startup_stm32h723xx.o(.text)
    TIM1_CC_IRQHandler                       0x08000303   Thumb Code     0  startup_stm32h723xx.o(.text)
    TIM1_TRG_COM_IRQHandler                  0x08000303   Thumb Code     0  startup_stm32h723xx.o(.text)
    TIM1_UP_IRQHandler                       0x08000303   Thumb Code     0  startup_stm32h723xx.o(.text)
    TIM23_IRQHandler                         0x08000303   Thumb Code     0  startup_stm32h723xx.o(.text)
    TIM24_IRQHandler                         0x08000303   Thumb Code     0  startup_stm32h723xx.o(.text)
    TIM2_IRQHandler                          0x08000303   Thumb Code     0  startup_stm32h723xx.o(.text)
    TIM3_IRQHandler                          0x08000303   Thumb Code     0  startup_stm32h723xx.o(.text)
    TIM4_IRQHandler                          0x08000303   Thumb Code     0  startup_stm32h723xx.o(.text)
    TIM5_IRQHandler                          0x08000303   Thumb Code     0  startup_stm32h723xx.o(.text)
    TIM6_DAC_IRQHandler                      0x08000303   Thumb Code     0  startup_stm32h723xx.o(.text)
    TIM7_IRQHandler                          0x08000303   Thumb Code     0  startup_stm32h723xx.o(.text)
    TIM8_BRK_TIM12_IRQHandler                0x08000303   Thumb Code     0  startup_stm32h723xx.o(.text)
    TIM8_CC_IRQHandler                       0x08000303   Thumb Code     0  startup_stm32h723xx.o(.text)
    TIM8_TRG_COM_TIM14_IRQHandler            0x08000303   Thumb Code     0  startup_stm32h723xx.o(.text)
    TIM8_UP_TIM13_IRQHandler                 0x08000303   Thumb Code     0  startup_stm32h723xx.o(.text)
    UART4_IRQHandler                         0x08000303   Thumb Code     0  startup_stm32h723xx.o(.text)
    UART5_IRQHandler                         0x08000303   Thumb Code     0  startup_stm32h723xx.o(.text)
    UART7_IRQHandler                         0x08000303   Thumb Code     0  startup_stm32h723xx.o(.text)
    UART8_IRQHandler                         0x08000303   Thumb Code     0  startup_stm32h723xx.o(.text)
    UART9_IRQHandler                         0x08000303   Thumb Code     0  startup_stm32h723xx.o(.text)
    USART10_IRQHandler                       0x08000303   Thumb Code     0  startup_stm32h723xx.o(.text)
    USART2_IRQHandler                        0x08000303   Thumb Code     0  startup_stm32h723xx.o(.text)
    USART3_IRQHandler                        0x08000303   Thumb Code     0  startup_stm32h723xx.o(.text)
    USART6_IRQHandler                        0x08000303   Thumb Code     0  startup_stm32h723xx.o(.text)
    WAKEUP_PIN_IRQHandler                    0x08000303   Thumb Code     0  startup_stm32h723xx.o(.text)
    WWDG_IRQHandler                          0x08000303   Thumb Code     0  startup_stm32h723xx.o(.text)
    __aeabi_uldivmod                         0x0800030d   Thumb Code    98  uldiv.o(.text)
    __aeabi_memcpy                           0x0800036f   Thumb Code    36  memcpya.o(.text)
    __aeabi_memcpy4                          0x0800036f   Thumb Code     0  memcpya.o(.text)
    __aeabi_memcpy8                          0x0800036f   Thumb Code     0  memcpya.o(.text)
    __aeabi_memset                           0x08000393   Thumb Code    14  memseta.o(.text)
    __aeabi_memset4                          0x08000393   Thumb Code     0  memseta.o(.text)
    __aeabi_memset8                          0x08000393   Thumb Code     0  memseta.o(.text)
    __aeabi_memclr                           0x080003a1   Thumb Code     4  memseta.o(.text)
    __aeabi_memclr4                          0x080003a1   Thumb Code     0  memseta.o(.text)
    __aeabi_memclr8                          0x080003a1   Thumb Code     0  memseta.o(.text)
    _memset$wrapper                          0x080003a5   Thumb Code    18  memseta.o(.text)
    __aeabi_dadd                             0x080003b7   Thumb Code   322  dadd.o(.text)
    __aeabi_dsub                             0x080004f9   Thumb Code     6  dadd.o(.text)
    __aeabi_drsub                            0x080004ff   Thumb Code     6  dadd.o(.text)
    __aeabi_dmul                             0x08000505   Thumb Code   228  dmul.o(.text)
    __aeabi_ddiv                             0x080005e9   Thumb Code   222  ddiv.o(.text)
    __aeabi_i2d                              0x080006c7   Thumb Code    34  dflti.o(.text)
    __aeabi_ui2d                             0x080006e9   Thumb Code    26  dfltui.o(.text)
    __aeabi_d2iz                             0x08000703   Thumb Code    62  dfixi.o(.text)
    __aeabi_f2d                              0x08000741   Thumb Code    38  f2d.o(.text)
    __aeabi_d2f                              0x08000767   Thumb Code    56  d2f.o(.text)
    __aeabi_llsl                             0x0800079f   Thumb Code    30  llshl.o(.text)
    _ll_shift_l                              0x0800079f   Thumb Code     0  llshl.o(.text)
    __aeabi_llsr                             0x080007bd   Thumb Code    32  llushr.o(.text)
    _ll_ushift_r                             0x080007bd   Thumb Code     0  llushr.o(.text)
    __aeabi_lasr                             0x080007dd   Thumb Code    36  llsshr.o(.text)
    _ll_sshift_r                             0x080007dd   Thumb Code     0  llsshr.o(.text)
    __I$use$fp                               0x08000801   Thumb Code     0  iusefp.o(.text)
    _float_round                             0x08000801   Thumb Code    18  fepilogue.o(.text)
    _float_epilogue                          0x08000813   Thumb Code    92  fepilogue.o(.text)
    _double_round                            0x0800086f   Thumb Code    30  depilogue.o(.text)
    _double_epilogue                         0x0800088d   Thumb Code   156  depilogue.o(.text)
    __scatterload                            0x08000929   Thumb Code    28  init.o(.text)
    __scatterload_rt2                        0x08000929   Thumb Code     0  init.o(.text)
    arm_bitreversal_32                       0x0800094d   Thumb Code    76  arm_bitreversal2.o(.text.arm_bitreversal_32)
    arm_cfft_f32                             0x08000999   Thumb Code   220  arm_cfft_f32.o(.text.arm_cfft_f32)
    arm_cfft_radix8by2_f32                   0x08000a75   Thumb Code   382  arm_cfft_f32.o(.text.arm_cfft_radix8by2_f32)
    arm_cfft_radix8by4_f32                   0x08000bf5   Thumb Code   988  arm_cfft_f32.o(.text.arm_cfft_radix8by4_f32)
    arm_cos_f32                              0x08000fd1   Thumb Code   144  arm_cos_f32.o(.text.arm_cos_f32)
    arm_radix8_butterfly_f32                 0x08001061   Thumb Code  1316  arm_cfft_radix8_f32.o(.text.arm_radix8_butterfly_f32)
    arm_rfft_1024_fast_init_f32              0x08001585   Thumb Code    60  arm_rfft_fast_init_f32.o(.text.arm_rfft_1024_fast_init_f32)
    arm_rfft_2048_fast_init_f32              0x080015c1   Thumb Code    60  arm_rfft_fast_init_f32.o(.text.arm_rfft_2048_fast_init_f32)
    arm_rfft_256_fast_init_f32               0x080015fd   Thumb Code    56  arm_rfft_fast_init_f32.o(.text.arm_rfft_256_fast_init_f32)
    arm_rfft_32_fast_init_f32                0x08001635   Thumb Code    54  arm_rfft_fast_init_f32.o(.text.arm_rfft_32_fast_init_f32)
    arm_rfft_4096_fast_init_f32              0x0800166b   Thumb Code    60  arm_rfft_fast_init_f32.o(.text.arm_rfft_4096_fast_init_f32)
    arm_rfft_512_fast_init_f32               0x080016a7   Thumb Code    60  arm_rfft_fast_init_f32.o(.text.arm_rfft_512_fast_init_f32)
    arm_rfft_64_fast_init_f32                0x080016e3   Thumb Code    54  arm_rfft_fast_init_f32.o(.text.arm_rfft_64_fast_init_f32)
    arm_rfft_fast_f32                        0x08001719   Thumb Code    80  arm_rfft_fast_f32.o(.text.arm_rfft_fast_f32)
    arm_rfft_fast_init_f32                   0x08001769   Thumb Code   126  arm_rfft_fast_init_f32.o(.text.arm_rfft_fast_init_f32)
    merge_rfft_f32                           0x080017e9   Thumb Code   170  arm_rfft_fast_f32.o(.text.merge_rfft_f32)
    stage_rfft_f32                           0x08001895   Thumb Code   164  arm_rfft_fast_f32.o(.text.stage_rfft_f32)
    AD9833_Config                            0x08001939   Thumb Code    46  main.o(i.AD9833_Config)
    AD9833_SetFreq                           0x08001969   Thumb Code    90  main.o(i.AD9833_SetFreq)
    AD9833_Write                             0x080019dd   Thumb Code    24  main.o(i.AD9833_Write)
    BusFault_Handler                         0x080019f5   Thumb Code     2  stm32h7xx_it.o(i.BusFault_Handler)
    CDC_Transmit_HS                          0x08001a45   Thumb Code    40  usbd_cdc_if.o(i.CDC_Transmit_HS)
    DebugMon_Handler                         0x08001a71   Thumb Code     2  stm32h7xx_it.o(i.DebugMon_Handler)
    EXTI15_10_IRQHandler                     0x08001a73   Thumb Code    30  stm32h7xx_it.o(i.EXTI15_10_IRQHandler)
    EXTI3_IRQHandler                         0x08001a91   Thumb Code     6  stm32h7xx_it.o(i.EXTI3_IRQHandler)
    Error_Handler                            0x08001a97   Thumb Code     4  main.o(i.Error_Handler)
    FMC_NORSRAM_Extended_Timing_Init         0x08001a9d   Thumb Code    58  stm32h7xx_ll_fmc.o(i.FMC_NORSRAM_Extended_Timing_Init)
    FMC_NORSRAM_Init                         0x08001add   Thumb Code   144  stm32h7xx_ll_fmc.o(i.FMC_NORSRAM_Init)
    FMC_NORSRAM_Timing_Init                  0x08001b71   Thumb Code   100  stm32h7xx_ll_fmc.o(i.FMC_NORSRAM_Timing_Init)
    FMC_NORSRAM_WriteOperation_Disable       0x08001bd9   Thumb Code    16  stm32h7xx_ll_fmc.o(i.FMC_NORSRAM_WriteOperation_Disable)
    HAL_DMA_Abort                            0x08001c21   Thumb Code   836  stm32h7xx_hal_dma.o(i.HAL_DMA_Abort)
    HAL_DMA_Abort_IT                         0x08001f81   Thumb Code   602  stm32h7xx_hal_dma.o(i.HAL_DMA_Abort_IT)
    HAL_Delay                                0x08002205   Thumb Code    32  stm32h7xx_hal.o(i.HAL_Delay)
    HAL_GPIO_EXTI_Callback                   0x080022d5   Thumb Code   216  main.o(i.HAL_GPIO_EXTI_Callback)
    HAL_GPIO_EXTI_IRQHandler                 0x080023c1   Thumb Code    24  stm32h7xx_hal_gpio.o(i.HAL_GPIO_EXTI_IRQHandler)
    HAL_GPIO_Init                            0x080023d9   Thumb Code   496  stm32h7xx_hal_gpio.o(i.HAL_GPIO_Init)
    HAL_GPIO_ReadPin                         0x080025f5   Thumb Code    10  stm32h7xx_hal_gpio.o(i.HAL_GPIO_ReadPin)
    HAL_GPIO_TogglePin                       0x080025ff   Thumb Code    16  stm32h7xx_hal_gpio.o(i.HAL_GPIO_TogglePin)
    HAL_GPIO_WritePin                        0x0800260f   Thumb Code    10  stm32h7xx_hal_gpio.o(i.HAL_GPIO_WritePin)
    HAL_GetTick                              0x08002619   Thumb Code     6  stm32h7xx_hal.o(i.HAL_GetTick)
    HAL_IncTick                              0x08002625   Thumb Code    12  stm32h7xx_hal.o(i.HAL_IncTick)
    HAL_Init                                 0x08002635   Thumb Code    74  stm32h7xx_hal.o(i.HAL_Init)
    HAL_InitTick                             0x08002691   Thumb Code    56  stm32h7xx_hal.o(i.HAL_InitTick)
    HAL_MspInit                              0x080026d1   Thumb Code    22  stm32h7xx_hal_msp.o(i.HAL_MspInit)
    HAL_NOR_Init                             0x080026ed   Thumb Code   222  stm32h7xx_hal_nor.o(i.HAL_NOR_Init)
    HAL_NOR_MspInit                          0x080027d5   Thumb Code     4  stm32h7xx_hal_msp.o(i.HAL_NOR_MspInit)
    HAL_NOR_ReturnToReadMode                 0x080027d9   Thumb Code   122  stm32h7xx_hal_nor.o(i.HAL_NOR_ReturnToReadMode)
    HAL_NVIC_DisableIRQ                      0x08002853   Thumb Code    34  stm32h7xx_hal_cortex.o(i.HAL_NVIC_DisableIRQ)
    HAL_NVIC_EnableIRQ                       0x08002875   Thumb Code    26  stm32h7xx_hal_cortex.o(i.HAL_NVIC_EnableIRQ)
    HAL_NVIC_SetPriority                     0x08002891   Thumb Code    60  stm32h7xx_hal_cortex.o(i.HAL_NVIC_SetPriority)
    HAL_NVIC_SetPriorityGrouping             0x080028d1   Thumb Code    28  stm32h7xx_hal_cortex.o(i.HAL_NVIC_SetPriorityGrouping)
    HAL_PCDEx_ActivateLPM                    0x080028f5   Thumb Code    34  stm32h7xx_hal_pcd_ex.o(i.HAL_PCDEx_ActivateLPM)
    HAL_PCDEx_LPM_Callback                   0x0800291d   Thumb Code     2  stm32h7xx_hal_pcd_ex.o(i.HAL_PCDEx_LPM_Callback)
    HAL_PCDEx_SetRxFiFo                      0x0800291f   Thumb Code     8  stm32h7xx_hal_pcd_ex.o(i.HAL_PCDEx_SetRxFiFo)
    HAL_PCDEx_SetTxFiFo                      0x08002927   Thumb Code    70  stm32h7xx_hal_pcd_ex.o(i.HAL_PCDEx_SetTxFiFo)
    HAL_PCD_ConnectCallback                  0x0800296d   Thumb Code     8  usbd_conf.o(i.HAL_PCD_ConnectCallback)
    HAL_PCD_DataInStageCallback              0x08002975   Thumb Code    18  usbd_conf.o(i.HAL_PCD_DataInStageCallback)
    HAL_PCD_DataOutStageCallback             0x08002987   Thumb Code    20  usbd_conf.o(i.HAL_PCD_DataOutStageCallback)
    HAL_PCD_DisconnectCallback               0x0800299b   Thumb Code     8  usbd_conf.o(i.HAL_PCD_DisconnectCallback)
    HAL_PCD_EP_Abort                         0x080029a3   Thumb Code    30  stm32h7xx_hal_pcd.o(i.HAL_PCD_EP_Abort)
    HAL_PCD_EP_Close                         0x080029c1   Thumb Code    76  stm32h7xx_hal_pcd.o(i.HAL_PCD_EP_Close)
    HAL_PCD_EP_ClrStall                      0x08002a0d   Thumb Code    92  stm32h7xx_hal_pcd.o(i.HAL_PCD_EP_ClrStall)
    HAL_PCD_EP_GetRxCount                    0x08002a69   Thumb Code    18  stm32h7xx_hal_pcd.o(i.HAL_PCD_EP_GetRxCount)
    HAL_PCD_EP_Open                          0x08002a7b   Thumb Code    96  stm32h7xx_hal_pcd.o(i.HAL_PCD_EP_Open)
    HAL_PCD_EP_Receive                       0x08002adb   Thumb Code    52  stm32h7xx_hal_pcd.o(i.HAL_PCD_EP_Receive)
    HAL_PCD_EP_SetStall                      0x08002b0f   Thumb Code   116  stm32h7xx_hal_pcd.o(i.HAL_PCD_EP_SetStall)
    HAL_PCD_EP_Transmit                      0x08002b83   Thumb Code    52  stm32h7xx_hal_pcd.o(i.HAL_PCD_EP_Transmit)
    HAL_PCD_IRQHandler                       0x08002bb9   Thumb Code  1436  stm32h7xx_hal_pcd.o(i.HAL_PCD_IRQHandler)
    HAL_PCD_ISOINIncompleteCallback          0x08003155   Thumb Code     8  usbd_conf.o(i.HAL_PCD_ISOINIncompleteCallback)
    HAL_PCD_ISOOUTIncompleteCallback         0x0800315d   Thumb Code     8  usbd_conf.o(i.HAL_PCD_ISOOUTIncompleteCallback)
    HAL_PCD_Init                             0x08003165   Thumb Code   242  stm32h7xx_hal_pcd.o(i.HAL_PCD_Init)
    HAL_PCD_MspInit                          0x08003259   Thumb Code    96  usbd_conf.o(i.HAL_PCD_MspInit)
    HAL_PCD_ResetCallback                    0x080032bd   Thumb Code    46  usbd_conf.o(i.HAL_PCD_ResetCallback)
    HAL_PCD_ResumeCallback                   0x080032eb   Thumb Code     8  usbd_conf.o(i.HAL_PCD_ResumeCallback)
    HAL_PCD_SOFCallback                      0x080032f3   Thumb Code     8  usbd_conf.o(i.HAL_PCD_SOFCallback)
    HAL_PCD_SetAddress                       0x080032fb   Thumb Code    40  stm32h7xx_hal_pcd.o(i.HAL_PCD_SetAddress)
    HAL_PCD_SetupStageCallback               0x08003323   Thumb Code    14  usbd_conf.o(i.HAL_PCD_SetupStageCallback)
    HAL_PCD_Start                            0x08003331   Thumb Code    66  stm32h7xx_hal_pcd.o(i.HAL_PCD_Start)
    HAL_PCD_SuspendCallback                  0x08003375   Thumb Code    44  usbd_conf.o(i.HAL_PCD_SuspendCallback)
    HAL_PWREx_ConfigSupply                   0x080033a5   Thumb Code    78  stm32h7xx_hal_pwr_ex.o(i.HAL_PWREx_ConfigSupply)
    HAL_PWREx_EnableUSBVoltageDetector       0x080033f9   Thumb Code    12  stm32h7xx_hal_pwr_ex.o(i.HAL_PWREx_EnableUSBVoltageDetector)
    HAL_RCCEx_GetD3PCLK1Freq                 0x08003409   Thumb Code    26  stm32h7xx_hal_rcc_ex.o(i.HAL_RCCEx_GetD3PCLK1Freq)
    HAL_RCCEx_GetPLL2ClockFreq               0x0800342d   Thumb Code   296  stm32h7xx_hal_rcc_ex.o(i.HAL_RCCEx_GetPLL2ClockFreq)
    HAL_RCCEx_GetPLL3ClockFreq               0x08003571   Thumb Code   296  stm32h7xx_hal_rcc_ex.o(i.HAL_RCCEx_GetPLL3ClockFreq)
    HAL_RCCEx_PeriphCLKConfig                0x080036b5   Thumb Code  2362  stm32h7xx_hal_rcc_ex.o(i.HAL_RCCEx_PeriphCLKConfig)
    HAL_RCC_ClockConfig                      0x08003ff1   Thumb Code   580  stm32h7xx_hal_rcc.o(i.HAL_RCC_ClockConfig)
    HAL_RCC_GetHCLKFreq                      0x0800424d   Thumb Code    52  stm32h7xx_hal_rcc.o(i.HAL_RCC_GetHCLKFreq)
    HAL_RCC_GetPCLK1Freq                     0x08004291   Thumb Code    26  stm32h7xx_hal_rcc.o(i.HAL_RCC_GetPCLK1Freq)
    HAL_RCC_GetPCLK2Freq                     0x080042b5   Thumb Code    26  stm32h7xx_hal_rcc.o(i.HAL_RCC_GetPCLK2Freq)
    HAL_RCC_GetSysClockFreq                  0x080042d9   Thumb Code   278  stm32h7xx_hal_rcc.o(i.HAL_RCC_GetSysClockFreq)
    HAL_RCC_OscConfig                        0x08004411   Thumb Code  1318  stm32h7xx_hal_rcc.o(i.HAL_RCC_OscConfig)
    HAL_SPI_Init                             0x08004939   Thumb Code   366  stm32h7xx_hal_spi.o(i.HAL_SPI_Init)
    HAL_SPI_MspInit                          0x08004ab5   Thumb Code   120  stm32h7xx_hal_msp.o(i.HAL_SPI_MspInit)
    HAL_SPI_Transmit                         0x08004b39   Thumb Code   590  stm32h7xx_hal_spi.o(i.HAL_SPI_Transmit)
    HAL_SYSTICK_Config                       0x08004d87   Thumb Code    38  stm32h7xx_hal_cortex.o(i.HAL_SYSTICK_Config)
    HAL_TIMEx_MasterConfigSynchronization    0x08004dad   Thumb Code   146  stm32h7xx_hal_tim_ex.o(i.HAL_TIMEx_MasterConfigSynchronization)
    HAL_TIM_MspPostInit                      0x08004e65   Thumb Code    68  stm32h7xx_hal_msp.o(i.HAL_TIM_MspPostInit)
    HAL_TIM_PWM_ConfigChannel                0x08004eb5   Thumb Code   292  stm32h7xx_hal_tim.o(i.HAL_TIM_PWM_ConfigChannel)
    HAL_TIM_PWM_Init                         0x08004fd9   Thumb Code    98  stm32h7xx_hal_tim.o(i.HAL_TIM_PWM_Init)
    HAL_TIM_PWM_MspInit                      0x0800503d   Thumb Code    30  stm32h7xx_hal_msp.o(i.HAL_TIM_PWM_MspInit)
    HAL_TIM_PWM_Start                        0x08005065   Thumb Code   244  stm32h7xx_hal_tim.o(i.HAL_TIM_PWM_Start)
    HAL_UARTEx_DisableFifoMode               0x08005189   Thumb Code    64  stm32h7xx_hal_uart_ex.o(i.HAL_UARTEx_DisableFifoMode)
    HAL_UARTEx_RxEventCallback               0x080051c9   Thumb Code     2  stm32h7xx_hal_uart.o(i.HAL_UARTEx_RxEventCallback)
    HAL_UARTEx_RxFifoFullCallback            0x080051cb   Thumb Code     2  stm32h7xx_hal_uart_ex.o(i.HAL_UARTEx_RxFifoFullCallback)
    HAL_UARTEx_SetRxFifoThreshold            0x080051cd   Thumb Code    76  stm32h7xx_hal_uart_ex.o(i.HAL_UARTEx_SetRxFifoThreshold)
    HAL_UARTEx_SetTxFifoThreshold            0x08005219   Thumb Code    76  stm32h7xx_hal_uart_ex.o(i.HAL_UARTEx_SetTxFifoThreshold)
    HAL_UARTEx_TxFifoEmptyCallback           0x08005265   Thumb Code     2  stm32h7xx_hal_uart_ex.o(i.HAL_UARTEx_TxFifoEmptyCallback)
    HAL_UARTEx_WakeupCallback                0x08005267   Thumb Code     2  stm32h7xx_hal_uart_ex.o(i.HAL_UARTEx_WakeupCallback)
    HAL_UART_ErrorCallback                   0x08005269   Thumb Code     2  stm32h7xx_hal_uart.o(i.HAL_UART_ErrorCallback)
    HAL_UART_IRQHandler                      0x0800526d   Thumb Code   878  stm32h7xx_hal_uart.o(i.HAL_UART_IRQHandler)
    HAL_UART_Init                            0x080055f5   Thumb Code   106  stm32h7xx_hal_uart.o(i.HAL_UART_Init)
    HAL_UART_MspInit                         0x08005661   Thumb Code   138  stm32h7xx_hal_msp.o(i.HAL_UART_MspInit)
    HAL_UART_Receive_IT                      0x080056f9   Thumb Code    66  stm32h7xx_hal_uart.o(i.HAL_UART_Receive_IT)
    HAL_UART_RxCpltCallback                  0x08005741   Thumb Code   126  main.o(i.HAL_UART_RxCpltCallback)
    HAL_UART_Transmit_IT                     0x080057d1   Thumb Code   136  stm32h7xx_hal_uart.o(i.HAL_UART_Transmit_IT)
    HAL_UART_TxCpltCallback                  0x08005869   Thumb Code     2  stm32h7xx_hal_uart.o(i.HAL_UART_TxCpltCallback)
    HardFault_Handler                        0x0800586b   Thumb Code     2  stm32h7xx_it.o(i.HardFault_Handler)
    Init_window_func                         0x0800586d   Thumb Code   472  main.o(i.Init_window_func)
    MUX_4_16                                 0x08005ab5   Thumb Code    64  main.o(i.MUX_4_16)
    MX_USB_DEVICE_Init                       0x08005e51   Thumb Code    66  usb_device.o(i.MX_USB_DEVICE_Init)
    MemManage_Handler                        0x08005ea5   Thumb Code     2  stm32h7xx_it.o(i.MemManage_Handler)
    NMI_Handler                              0x08005ea7   Thumb Code     2  stm32h7xx_it.o(i.NMI_Handler)
    OTG_HS_IRQHandler                        0x08005ea9   Thumb Code     6  stm32h7xx_it.o(i.OTG_HS_IRQHandler)
    PendSV_Handler                           0x08006023   Thumb Code     2  stm32h7xx_it.o(i.PendSV_Handler)
    SVC_Handler                              0x08006367   Thumb Code     2  stm32h7xx_it.o(i.SVC_Handler)
    State_CMD                                0x08006369   Thumb Code   656  syssense.o(i.State_CMD)
    SysTick_Handler                          0x08006609   Thumb Code     4  stm32h7xx_it.o(i.SysTick_Handler)
    SystemClock_Config                       0x0800660d   Thumb Code   152  main.o(i.SystemClock_Config)
    SystemInit                               0x080066a9   Thumb Code   158  system_stm32h7xx.o(i.SystemInit)
    TIM_Base_SetConfig                       0x08006769   Thumb Code   174  stm32h7xx_hal_tim.o(i.TIM_Base_SetConfig)
    TIM_CCxChannelCmd                        0x08006841   Thumb Code    26  stm32h7xx_hal_tim.o(i.TIM_CCxChannelCmd)
    TIM_OC2_SetConfig                        0x08006905   Thumb Code   126  stm32h7xx_hal_tim.o(i.TIM_OC2_SetConfig)
    UART_AdvFeatureConfig                    0x08006bd9   Thumb Code   200  stm32h7xx_hal_uart.o(i.UART_AdvFeatureConfig)
    UART_CheckIdleState                      0x08006ca1   Thumb Code   170  stm32h7xx_hal_uart.o(i.UART_CheckIdleState)
    UART_SetConfig                           0x08007285   Thumb Code   914  stm32h7xx_hal_uart.o(i.UART_SetConfig)
    UART_Start_Receive_IT                    0x08007661   Thumb Code   256  stm32h7xx_hal_uart.o(i.UART_Start_Receive_IT)
    UART_WaitOnFlagUntilTimeout              0x080078e3   Thumb Code   140  stm32h7xx_hal_uart.o(i.UART_WaitOnFlagUntilTimeout)
    USART1_IRQHandler                        0x08007971   Thumb Code     6  stm32h7xx_it.o(i.USART1_IRQHandler)
    USBD_CDC_GetDeviceQualifierDescriptor    0x08007b01   Thumb Code     8  usbd_cdc.o(i.USBD_CDC_GetDeviceQualifierDescriptor)
    USBD_CDC_ReceivePacket                   0x08007d25   Thumb Code    66  usbd_cdc.o(i.USBD_CDC_ReceivePacket)
    USBD_CDC_RegisterInterface               0x08007d6d   Thumb Code    24  usbd_cdc.o(i.USBD_CDC_RegisterInterface)
    USBD_CDC_SetRxBuffer                     0x08007d85   Thumb Code    28  usbd_cdc.o(i.USBD_CDC_SetRxBuffer)
    USBD_CDC_SetTxBuffer                     0x08007da1   Thumb Code    32  usbd_cdc.o(i.USBD_CDC_SetTxBuffer)
    USBD_CDC_TransmitPacket                  0x08007ed1   Thumb Code    80  usbd_cdc.o(i.USBD_CDC_TransmitPacket)
    USBD_ClrClassConfig                      0x08007f25   Thumb Code    20  usbd_core.o(i.USBD_ClrClassConfig)
    USBD_CoreFindEP                          0x08007f5f   Thumb Code     4  usbd_core.o(i.USBD_CoreFindEP)
    USBD_CoreFindIF                          0x08007f63   Thumb Code     4  usbd_core.o(i.USBD_CoreFindIF)
    USBD_CtlContinueRx                       0x08007f67   Thumb Code    16  usbd_ioreq.o(i.USBD_CtlContinueRx)
    USBD_CtlContinueSendData                 0x08007f77   Thumb Code    16  usbd_ioreq.o(i.USBD_CtlContinueSendData)
    USBD_CtlError                            0x08007f87   Thumb Code    24  usbd_ctlreq.o(i.USBD_CtlError)
    USBD_CtlPrepareRx                        0x08007f9f   Thumb Code    30  usbd_ioreq.o(i.USBD_CtlPrepareRx)
    USBD_CtlReceiveStatus                    0x08007fbd   Thumb Code    22  usbd_ioreq.o(i.USBD_CtlReceiveStatus)
    USBD_CtlSendData                         0x08007fd3   Thumb Code    26  usbd_ioreq.o(i.USBD_CtlSendData)
    USBD_CtlSendStatus                       0x08007fed   Thumb Code    22  usbd_ioreq.o(i.USBD_CtlSendStatus)
    USBD_GetEpDesc                           0x080081eb   Thumb Code    60  usbd_core.o(i.USBD_GetEpDesc)
    USBD_GetNextDesc                         0x0800823f   Thumb Code    14  usbd_core.o(i.USBD_GetNextDesc)
    USBD_GetString                           0x08008283   Thumb Code    68  usbd_ctlreq.o(i.USBD_GetString)
    USBD_Get_USB_Status                      0x080082c7   Thumb Code    36  usbd_conf.o(i.USBD_Get_USB_Status)
    USBD_HS_ConfigStrDescriptor              0x080082ed   Thumb Code    32  usbd_desc.o(i.USBD_HS_ConfigStrDescriptor)
    USBD_HS_DeviceDescriptor                 0x0800831d   Thumb Code     8  usbd_desc.o(i.USBD_HS_DeviceDescriptor)
    USBD_HS_InterfaceStrDescriptor           0x08008329   Thumb Code    32  usbd_desc.o(i.USBD_HS_InterfaceStrDescriptor)
    USBD_HS_LangIDStrDescriptor              0x0800835d   Thumb Code     8  usbd_desc.o(i.USBD_HS_LangIDStrDescriptor)
    USBD_HS_ManufacturerStrDescriptor        0x08008369   Thumb Code    16  usbd_desc.o(i.USBD_HS_ManufacturerStrDescriptor)
    USBD_HS_ProductStrDescriptor             0x08008391   Thumb Code    32  usbd_desc.o(i.USBD_HS_ProductStrDescriptor)
    USBD_HS_SerialStrDescriptor              0x080083cd   Thumb Code    14  usbd_desc.o(i.USBD_HS_SerialStrDescriptor)
    USBD_Init                                0x080083e1   Thumb Code    40  usbd_core.o(i.USBD_Init)
    USBD_LL_ClearStallEP                     0x08008409   Thumb Code    18  usbd_conf.o(i.USBD_LL_ClearStallEP)
    USBD_LL_CloseEP                          0x0800841b   Thumb Code    18  usbd_conf.o(i.USBD_LL_CloseEP)
    USBD_LL_DataInStage                      0x0800842d   Thumb Code   220  usbd_core.o(i.USBD_LL_DataInStage)
    USBD_LL_DataOutStage                     0x08008509   Thumb Code   208  usbd_core.o(i.USBD_LL_DataOutStage)
    USBD_LL_DevConnected                     0x080085d9   Thumb Code     4  usbd_core.o(i.USBD_LL_DevConnected)
    USBD_LL_DevDisconnected                  0x080085dd   Thumb Code    32  usbd_core.o(i.USBD_LL_DevDisconnected)
    USBD_LL_GetRxDataSize                    0x080085fd   Thumb Code     8  usbd_conf.o(i.USBD_LL_GetRxDataSize)
    USBD_LL_Init                             0x08008605   Thumb Code    96  usbd_conf.o(i.USBD_LL_Init)
    USBD_LL_IsStallEP                        0x0800866d   Thumb Code    34  usbd_conf.o(i.USBD_LL_IsStallEP)
    USBD_LL_IsoINIncomplete                  0x0800868f   Thumb Code    42  usbd_core.o(i.USBD_LL_IsoINIncomplete)
    USBD_LL_IsoOUTIncomplete                 0x080086b9   Thumb Code    42  usbd_core.o(i.USBD_LL_IsoOUTIncomplete)
    USBD_LL_OpenEP                           0x080086e3   Thumb Code    24  usbd_conf.o(i.USBD_LL_OpenEP)
    USBD_LL_PrepareReceive                   0x080086fb   Thumb Code    18  usbd_conf.o(i.USBD_LL_PrepareReceive)
    USBD_LL_Reset                            0x0800870d   Thumb Code    96  usbd_core.o(i.USBD_LL_Reset)
    USBD_LL_Resume                           0x0800876d   Thumb Code    20  usbd_core.o(i.USBD_LL_Resume)
    USBD_LL_SOF                              0x08008781   Thumb Code    26  usbd_core.o(i.USBD_LL_SOF)
    USBD_LL_SetSpeed                         0x0800879b   Thumb Code     6  usbd_core.o(i.USBD_LL_SetSpeed)
    USBD_LL_SetUSBAddress                    0x080087a1   Thumb Code    18  usbd_conf.o(i.USBD_LL_SetUSBAddress)
    USBD_LL_SetupStage                       0x080087b3   Thumb Code   100  usbd_core.o(i.USBD_LL_SetupStage)
    USBD_LL_StallEP                          0x08008817   Thumb Code    18  usbd_conf.o(i.USBD_LL_StallEP)
    USBD_LL_Start                            0x08008829   Thumb Code    18  usbd_conf.o(i.USBD_LL_Start)
    USBD_LL_Suspend                          0x0800883b   Thumb Code    26  usbd_core.o(i.USBD_LL_Suspend)
    USBD_LL_Transmit                         0x08008855   Thumb Code    18  usbd_conf.o(i.USBD_LL_Transmit)
    USBD_ParseSetupRequest                   0x08008867   Thumb Code    50  usbd_ctlreq.o(i.USBD_ParseSetupRequest)
    USBD_RegisterClass                       0x08008899   Thumb Code    58  usbd_core.o(i.USBD_RegisterClass)
    USBD_RunTestMode                         0x080088d3   Thumb Code     4  usbd_core.o(i.USBD_RunTestMode)
    USBD_SetClassConfig                      0x0800892f   Thumb Code    20  usbd_core.o(i.USBD_SetClassConfig)
    USBD_Start                               0x08008a45   Thumb Code     4  usbd_core.o(i.USBD_Start)
    USBD_StdDevReq                           0x08008a49   Thumb Code   118  usbd_ctlreq.o(i.USBD_StdDevReq)
    USBD_StdEPReq                            0x08008abf   Thumb Code   558  usbd_ctlreq.o(i.USBD_StdEPReq)
    USBD_StdItfReq                           0x08008ced   Thumb Code   142  usbd_ctlreq.o(i.USBD_StdItfReq)
    USBD_static_free                         0x08008d7b   Thumb Code     2  usbd_conf.o(i.USBD_static_free)
    USBD_static_malloc                       0x08008d7d   Thumb Code     4  usbd_conf.o(i.USBD_static_malloc)
    USB_ActivateEndpoint                     0x08008d85   Thumb Code   124  stm32h7xx_ll_usb.o(i.USB_ActivateEndpoint)
    USB_ActivateSetup                        0x08008e05   Thumb Code    28  stm32h7xx_ll_usb.o(i.USB_ActivateSetup)
    USB_Close                                0x08008e21   Thumb Code    94  main.o(i.USB_Close)
    USB_CoreInit                             0x08008e89   Thumb Code   128  stm32h7xx_ll_usb.o(i.USB_CoreInit)
    USB_DeactivateEndpoint                   0x08008f51   Thumb Code   194  stm32h7xx_ll_usb.o(i.USB_DeactivateEndpoint)
    USB_DevConnect                           0x0800901d   Thumb Code    28  stm32h7xx_ll_usb.o(i.USB_DevConnect)
    USB_DevDisconnect                        0x08009039   Thumb Code    28  stm32h7xx_ll_usb.o(i.USB_DevDisconnect)
    USB_DevInit                              0x08009055   Thumb Code   366  stm32h7xx_ll_usb.o(i.USB_DevInit)
    USB_DisableGlobalInt                     0x080091cd   Thumb Code    12  stm32h7xx_ll_usb.o(i.USB_DisableGlobalInt)
    USB_EP0_OutStart                         0x080091d9   Thumb Code    84  stm32h7xx_ll_usb.o(i.USB_EP0_OutStart)
    USB_EPClearStall                         0x08009231   Thumb Code    88  stm32h7xx_ll_usb.o(i.USB_EPClearStall)
    USB_EPSetStall                           0x08009289   Thumb Code    88  stm32h7xx_ll_usb.o(i.USB_EPSetStall)
    USB_EPStartXfer                          0x080092e1   Thumb Code   562  stm32h7xx_ll_usb.o(i.USB_EPStartXfer)
    USB_EPStopXfer                           0x08009519   Thumb Code   158  stm32h7xx_ll_usb.o(i.USB_EPStopXfer)
    USB_EnableGlobalInt                      0x080095b7   Thumb Code    12  stm32h7xx_ll_usb.o(i.USB_EnableGlobalInt)
    USB_FlushRxFifo                          0x080095c5   Thumb Code    54  stm32h7xx_ll_usb.o(i.USB_FlushRxFifo)
    USB_FlushTxFifo                          0x08009601   Thumb Code    58  stm32h7xx_ll_usb.o(i.USB_FlushTxFifo)
    USB_GetDevSpeed                          0x08009641   Thumb Code    26  stm32h7xx_ll_usb.o(i.USB_GetDevSpeed)
    USB_GetMode                              0x0800965b   Thumb Code     8  stm32h7xx_ll_usb.o(i.USB_GetMode)
    USB_ReadDevAllInEpInterrupt              0x08009663   Thumb Code    14  stm32h7xx_ll_usb.o(i.USB_ReadDevAllInEpInterrupt)
    USB_ReadDevAllOutEpInterrupt             0x08009671   Thumb Code    14  stm32h7xx_ll_usb.o(i.USB_ReadDevAllOutEpInterrupt)
    USB_ReadDevInEPInterrupt                 0x0800967f   Thumb Code    36  stm32h7xx_ll_usb.o(i.USB_ReadDevInEPInterrupt)
    USB_ReadDevOutEPInterrupt                0x080096a3   Thumb Code    16  stm32h7xx_ll_usb.o(i.USB_ReadDevOutEPInterrupt)
    USB_ReadInterrupts                       0x080096b3   Thumb Code     8  stm32h7xx_ll_usb.o(i.USB_ReadInterrupts)
    USB_ReadPacket                           0x080096bb   Thumb Code    64  stm32h7xx_ll_usb.o(i.USB_ReadPacket)
    USB_SetCurrentMode                       0x080096fb   Thumb Code    94  stm32h7xx_ll_usb.o(i.USB_SetCurrentMode)
    USB_SetDevAddress                        0x08009759   Thumb Code    34  stm32h7xx_ll_usb.o(i.USB_SetDevAddress)
    USB_SetTurnaroundTime                    0x0800977d   Thumb Code   158  stm32h7xx_ll_usb.o(i.USB_SetTurnaroundTime)
    USB_WritePacket                          0x08009865   Thumb Code    40  stm32h7xx_ll_usb.o(i.USB_WritePacket)
    UsageFault_Handler                       0x0800988d   Thumb Code     2  stm32h7xx_it.o(i.UsageFault_Handler)
    __0sprintf$bare                          0x08009891   Thumb Code    32  printfb.o(i.__0sprintf$bare)
    __1sprintf$bare                          0x08009891   Thumb Code     0  printfb.o(i.__0sprintf$bare)
    __2sprintf                               0x08009891   Thumb Code     0  printfb.o(i.__0sprintf$bare)
    __scatterload_copy                       0x080098d7   Thumb Code    14  handlers.o(i.__scatterload_copy)
    __scatterload_null                       0x080098e5   Thumb Code     2  handlers.o(i.__scatterload_null)
    __scatterload_zeroinit                   0x080098e7   Thumb Code    14  handlers.o(i.__scatterload_zeroinit)
    hextoi                                   0x08009a59   Thumb Code    74  syssense.o(i.hextoi)
    main                                     0x08009aa5   Thumb Code  1016  main.o(i.main)
    UARTPrescTable                           0x08009f40   Data          24  stm32h7xx_hal_uart.o(.constdata)
    D1CorePrescTable                         0x08009f68   Data          16  system_stm32h7xx.o(.constdata)
    armBitRevIndexTable1024                  0x08009f78   Data        3600  arm_common_tables.o(.rodata.armBitRevIndexTable1024)
    armBitRevIndexTable128                   0x0800ad88   Data         416  arm_common_tables.o(.rodata.armBitRevIndexTable128)
    armBitRevIndexTable16                    0x0800af28   Data          40  arm_common_tables.o(.rodata.armBitRevIndexTable16)
    armBitRevIndexTable2048                  0x0800af50   Data        7616  arm_common_tables.o(.rodata.armBitRevIndexTable2048)
    armBitRevIndexTable256                   0x0800cd10   Data         880  arm_common_tables.o(.rodata.armBitRevIndexTable256)
    armBitRevIndexTable32                    0x0800d080   Data          96  arm_common_tables.o(.rodata.armBitRevIndexTable32)
    armBitRevIndexTable512                   0x0800d0e0   Data         896  arm_common_tables.o(.rodata.armBitRevIndexTable512)
    sinTable_f32                             0x0800d460   Data        2052  arm_common_tables.o(.rodata.sinTable_f32)
    twiddleCoef_1024                         0x0800dc64   Data        8192  arm_common_tables.o(.rodata.twiddleCoef_1024)
    twiddleCoef_128                          0x0800fc64   Data        1024  arm_common_tables.o(.rodata.twiddleCoef_128)
    twiddleCoef_16                           0x08010064   Data         128  arm_common_tables.o(.rodata.twiddleCoef_16)
    twiddleCoef_2048                         0x080100e4   Data       16384  arm_common_tables.o(.rodata.twiddleCoef_2048)
    twiddleCoef_256                          0x080140e4   Data        2048  arm_common_tables.o(.rodata.twiddleCoef_256)
    twiddleCoef_32                           0x080148e4   Data         256  arm_common_tables.o(.rodata.twiddleCoef_32)
    twiddleCoef_512                          0x080149e4   Data        4096  arm_common_tables.o(.rodata.twiddleCoef_512)
    twiddleCoef_rfft_1024                    0x080159e4   Data        4096  arm_common_tables.o(.rodata.twiddleCoef_rfft_1024)
    twiddleCoef_rfft_2048                    0x080169e4   Data        8192  arm_common_tables.o(.rodata.twiddleCoef_rfft_2048)
    twiddleCoef_rfft_256                     0x080189e4   Data        1024  arm_common_tables.o(.rodata.twiddleCoef_rfft_256)
    twiddleCoef_rfft_32                      0x08018de4   Data         128  arm_common_tables.o(.rodata.twiddleCoef_rfft_32)
    twiddleCoef_rfft_4096                    0x08018e64   Data       16384  arm_common_tables.o(.rodata.twiddleCoef_rfft_4096)
    twiddleCoef_rfft_512                     0x0801ce64   Data        2048  arm_common_tables.o(.rodata.twiddleCoef_rfft_512)
    twiddleCoef_rfft_64                      0x0801d664   Data         256  arm_common_tables.o(.rodata.twiddleCoef_rfft_64)
    Region$$Table$$Base                      0x0801d764   Number         0  anon$$obj.o(Region$$Table)
    Region$$Table$$Limit                     0x0801d784   Number         0  anon$$obj.o(Region$$Table)
    offset_index                             0x24000000   Data           1  main.o(.data)
    uart1_rxdata                             0x24000001   Data           1  main.o(.data)
    sent_num_flag                            0x24000002   Data           2  main.o(.data)
    main_state                               0x24000008   Data           2  main.o(.data)
    uwTickFreq                               0x2400001c   Data           1  stm32h7xx_hal.o(.data)
    uwTickPrio                               0x24000020   Data           4  stm32h7xx_hal.o(.data)
    uwTick                                   0x24000024   Data           4  stm32h7xx_hal.o(.data)
    SystemCoreClock                          0x2400002c   Data           4  system_stm32h7xx.o(.data)
    SystemD2Clock                            0x24000030   Data           4  system_stm32h7xx.o(.data)
    HS_Desc                                  0x24000034   Data          28  usbd_desc.o(.data)
    USBD_LangIDDesc                          0x24000050   Data           4  usbd_desc.o(.data)
    USBD_HS_DeviceDesc                       0x24000054   Data          18  usbd_desc.o(.data)
    USBD_StringSerial                        0x24000068   Data          26  usbd_desc.o(.data)
    USBD_Interface_fops_HS                   0x24000084   Data          20  usbd_cdc_if.o(.data)
    USBD_CDC                                 0x240000f0   Data          56  usbd_cdc.o(.data)
    rxbuff                                   0x24000128   Data         200  main.o(.bss)
    hand_buff                                0x240001f0   Data          50  main.o(.bss)
    response_buff                            0x24000222   Data         200  main.o(.bss)
    hspi1                                    0x240002ec   Data         136  main.o(.bss)
    htim3                                    0x24000374   Data          76  main.o(.bss)
    huart1                                   0x240003c0   Data         148  main.o(.bss)
    hnor1                                    0x24000454   Data          76  main.o(.bss)
    hnor2                                    0x240004a0   Data          76  main.o(.bss)
    sentdata_1x8                             0x240004ec   Data          32  main.o(.bss)
    sentdata_16x16                           0x2400050c   Data         516  main.o(.bss)
    sentdata_decodeall                       0x24000710   Data        1028  main.o(.bss)
    AD1_buffer                               0x24000b14   Data       32768  main.o(.bss)
    AD2_buffer                               0x24008b14   Data       32768  main.o(.bss)
    window_func                              0x24010b14   Data        4096  main.o(.bss)
    VOFA_Data                                0x24013b14   Data          20  main.o(.bss)
    Send_SycMSG                              0x24013b28   Data          68  main.o(.bss)
    Get_SycMSG                               0x24013b6c   Data          68  main.o(.bss)
    hUsbDeviceHS                             0x24013bb0   Data         732  usb_device.o(.bss)
    USBD_StrDesc                             0x24013e8c   Data         512  usbd_desc.o(.bss)
    UserRxBufferHS                           0x2401408c   Data        2048  usbd_cdc_if.o(.bss)
    UserTxBufferHS                           0x2401488c   Data        2048  usbd_cdc_if.o(.bss)
    hpcd_USB_OTG_HS                          0x240152ac   Data        1292  usbd_conf.o(.bss)
    __initial_sp                             0x24015bb8   Data           0  startup_stm32h723xx.o(STACK)



==============================================================================

Memory Map of the image

  Image Entry point : 0x080002cd

  Load Region LR_IROM1 (Base: 0x08000000, Size: 0x0001d8ac, Max: 0x00100000, ABSOLUTE)

    Execution Region ER_IROM1 (Exec base: 0x08000000, Load base: 0x08000000, Size: 0x0001d784, Max: 0x00100000, ABSOLUTE)

    Exec Addr    Load Addr    Size         Type   Attr      Idx    E Section Name        Object

    0x08000000   0x08000000   0x000002cc   Data   RO            3    RESET               startup_stm32h723xx.o
    0x080002cc   0x080002cc   0x00000000   Code   RO         7141  * .ARM.Collect$$$$00000000  mc_w.l(entry.o)
    0x080002cc   0x080002cc   0x00000004   Code   RO         7430    .ARM.Collect$$$$00000001  mc_w.l(entry2.o)
    0x080002d0   0x080002d0   0x00000004   Code   RO         7433    .ARM.Collect$$$$00000004  mc_w.l(entry5.o)
    0x080002d4   0x080002d4   0x00000000   Code   RO         7435    .ARM.Collect$$$$00000008  mc_w.l(entry7b.o)
    0x080002d4   0x080002d4   0x00000000   Code   RO         7437    .ARM.Collect$$$$0000000A  mc_w.l(entry8b.o)
    0x080002d4   0x080002d4   0x00000008   Code   RO         7438    .ARM.Collect$$$$0000000B  mc_w.l(entry9a.o)
    0x080002dc   0x080002dc   0x00000000   Code   RO         7440    .ARM.Collect$$$$0000000D  mc_w.l(entry10a.o)
    0x080002dc   0x080002dc   0x00000000   Code   RO         7442    .ARM.Collect$$$$0000000F  mc_w.l(entry11a.o)
    0x080002dc   0x080002dc   0x00000004   Code   RO         7431    .ARM.Collect$$$$00002712  mc_w.l(entry2.o)
    0x080002e0   0x080002e0   0x00000004   Code   RO           10    .rev16_text         main.o
    0x080002e4   0x080002e4   0x00000004   Code   RO         5945    .rev16_text         syssense.o
    0x080002e8   0x080002e8   0x00000024   Code   RO            4    .text               startup_stm32h723xx.o
    0x0800030c   0x0800030c   0x00000062   Code   RO         7144    .text               mc_w.l(uldiv.o)
    0x0800036e   0x0800036e   0x00000024   Code   RO         7146    .text               mc_w.l(memcpya.o)
    0x08000392   0x08000392   0x00000024   Code   RO         7148    .text               mc_w.l(memseta.o)
    0x080003b6   0x080003b6   0x0000014e   Code   RO         7414    .text               mf_w.l(dadd.o)
    0x08000504   0x08000504   0x000000e4   Code   RO         7416    .text               mf_w.l(dmul.o)
    0x080005e8   0x080005e8   0x000000de   Code   RO         7418    .text               mf_w.l(ddiv.o)
    0x080006c6   0x080006c6   0x00000022   Code   RO         7420    .text               mf_w.l(dflti.o)
    0x080006e8   0x080006e8   0x0000001a   Code   RO         7422    .text               mf_w.l(dfltui.o)
    0x08000702   0x08000702   0x0000003e   Code   RO         7424    .text               mf_w.l(dfixi.o)
    0x08000740   0x08000740   0x00000026   Code   RO         7426    .text               mf_w.l(f2d.o)
    0x08000766   0x08000766   0x00000038   Code   RO         7428    .text               mf_w.l(d2f.o)
    0x0800079e   0x0800079e   0x0000001e   Code   RO         7449    .text               mc_w.l(llshl.o)
    0x080007bc   0x080007bc   0x00000020   Code   RO         7451    .text               mc_w.l(llushr.o)
    0x080007dc   0x080007dc   0x00000024   Code   RO         7453    .text               mc_w.l(llsshr.o)
    0x08000800   0x08000800   0x00000000   Code   RO         7455    .text               mc_w.l(iusefp.o)
    0x08000800   0x08000800   0x0000006e   Code   RO         7456    .text               mf_w.l(fepilogue.o)
    0x0800086e   0x0800086e   0x000000ba   Code   RO         7458    .text               mf_w.l(depilogue.o)
    0x08000928   0x08000928   0x00000024   Code   RO         7464    .text               mc_w.l(init.o)
    0x0800094c   0x0800094c   0x0000004c   Code   RO         7119    .text.arm_bitreversal_32  arm_cortexM7lfsp_math.lib(arm_bitreversal2.o)
    0x08000998   0x08000998   0x000000dc   Code   RO         7013    .text.arm_cfft_f32  arm_cortexM7lfsp_math.lib(arm_cfft_f32.o)
    0x08000a74   0x08000a74   0x0000017e   Code   RO         7009    .text.arm_cfft_radix8by2_f32  arm_cortexM7lfsp_math.lib(arm_cfft_f32.o)
    0x08000bf2   0x08000bf2   0x00000002   PAD
    0x08000bf4   0x08000bf4   0x000003dc   Code   RO         7011    .text.arm_cfft_radix8by4_f32  arm_cortexM7lfsp_math.lib(arm_cfft_f32.o)
    0x08000fd0   0x08000fd0   0x00000090   Code   RO         6957    .text.arm_cos_f32   arm_cortexM7lfsp_math.lib(arm_cos_f32.o)
    0x08001060   0x08001060   0x00000524   Code   RO         7132    .text.arm_radix8_butterfly_f32  arm_cortexM7lfsp_math.lib(arm_cfft_radix8_f32.o)
    0x08001584   0x08001584   0x0000003c   Code   RO         6992    .text.arm_rfft_1024_fast_init_f32  arm_cortexM7lfsp_math.lib(arm_rfft_fast_init_f32.o)
    0x080015c0   0x080015c0   0x0000003c   Code   RO         6994    .text.arm_rfft_2048_fast_init_f32  arm_cortexM7lfsp_math.lib(arm_rfft_fast_init_f32.o)
    0x080015fc   0x080015fc   0x00000038   Code   RO         6988    .text.arm_rfft_256_fast_init_f32  arm_cortexM7lfsp_math.lib(arm_rfft_fast_init_f32.o)
    0x08001634   0x08001634   0x00000036   Code   RO         6982    .text.arm_rfft_32_fast_init_f32  arm_cortexM7lfsp_math.lib(arm_rfft_fast_init_f32.o)
    0x0800166a   0x0800166a   0x0000003c   Code   RO         6996    .text.arm_rfft_4096_fast_init_f32  arm_cortexM7lfsp_math.lib(arm_rfft_fast_init_f32.o)
    0x080016a6   0x080016a6   0x0000003c   Code   RO         6990    .text.arm_rfft_512_fast_init_f32  arm_cortexM7lfsp_math.lib(arm_rfft_fast_init_f32.o)
    0x080016e2   0x080016e2   0x00000036   Code   RO         6984    .text.arm_rfft_64_fast_init_f32  arm_cortexM7lfsp_math.lib(arm_rfft_fast_init_f32.o)
    0x08001718   0x08001718   0x00000050   Code   RO         6971    .text.arm_rfft_fast_f32  arm_cortexM7lfsp_math.lib(arm_rfft_fast_f32.o)
    0x08001768   0x08001768   0x0000007e   Code   RO         6998    .text.arm_rfft_fast_init_f32  arm_cortexM7lfsp_math.lib(arm_rfft_fast_init_f32.o)
    0x080017e6   0x080017e6   0x00000002   PAD
    0x080017e8   0x080017e8   0x000000aa   Code   RO         6969    .text.merge_rfft_f32  arm_cortexM7lfsp_math.lib(arm_rfft_fast_f32.o)
    0x08001892   0x08001892   0x00000002   PAD
    0x08001894   0x08001894   0x000000a4   Code   RO         6967    .text.stage_rfft_f32  arm_cortexM7lfsp_math.lib(arm_rfft_fast_f32.o)
    0x08001938   0x08001938   0x0000002e   Code   RO           13    i.AD9833_Config     main.o
    0x08001966   0x08001966   0x00000002   PAD
    0x08001968   0x08001968   0x00000074   Code   RO           14    i.AD9833_SetFreq    main.o
    0x080019dc   0x080019dc   0x00000018   Code   RO           15    i.AD9833_Write      main.o
    0x080019f4   0x080019f4   0x00000002   Code   RO          304    i.BusFault_Handler  stm32h7xx_it.o
    0x080019f6   0x080019f6   0x00000008   Code   RO         6245    i.CDC_Control_HS    usbd_cdc_if.o
    0x080019fe   0x080019fe   0x00000004   Code   RO         6246    i.CDC_DeInit_HS     usbd_cdc_if.o
    0x08001a02   0x08001a02   0x00000002   PAD
    0x08001a04   0x08001a04   0x00000024   Code   RO         6247    i.CDC_Init_HS       usbd_cdc_if.o
    0x08001a28   0x08001a28   0x00000018   Code   RO         6248    i.CDC_Receive_HS    usbd_cdc_if.o
    0x08001a40   0x08001a40   0x00000004   Code   RO         6249    i.CDC_TransmitCplt_HS  usbd_cdc_if.o
    0x08001a44   0x08001a44   0x0000002c   Code   RO         6250    i.CDC_Transmit_HS   usbd_cdc_if.o
    0x08001a70   0x08001a70   0x00000002   Code   RO          305    i.DebugMon_Handler  stm32h7xx_it.o
    0x08001a72   0x08001a72   0x0000001e   Code   RO          306    i.EXTI15_10_IRQHandler  stm32h7xx_it.o
    0x08001a90   0x08001a90   0x00000006   Code   RO          307    i.EXTI3_IRQHandler  stm32h7xx_it.o
    0x08001a96   0x08001a96   0x00000004   Code   RO           16    i.Error_Handler     main.o
    0x08001a9a   0x08001a9a   0x00000002   PAD
    0x08001a9c   0x08001a9c   0x00000040   Code   RO         3755    i.FMC_NORSRAM_Extended_Timing_Init  stm32h7xx_ll_fmc.o
    0x08001adc   0x08001adc   0x00000094   Code   RO         3756    i.FMC_NORSRAM_Init  stm32h7xx_ll_fmc.o
    0x08001b70   0x08001b70   0x00000068   Code   RO         3757    i.FMC_NORSRAM_Timing_Init  stm32h7xx_ll_fmc.o
    0x08001bd8   0x08001bd8   0x00000010   Code   RO         3758    i.FMC_NORSRAM_WriteOperation_Disable  stm32h7xx_ll_fmc.o
    0x08001be8   0x08001be8   0x00000038   Code   RO         6154    i.Get_SerialNum     usbd_desc.o
    0x08001c20   0x08001c20   0x00000360   Code   RO         1970    i.HAL_DMA_Abort     stm32h7xx_hal_dma.o
    0x08001f80   0x08001f80   0x00000284   Code   RO         1971    i.HAL_DMA_Abort_IT  stm32h7xx_hal_dma.o
    0x08002204   0x08002204   0x00000024   Code   RO         2808    i.HAL_Delay         stm32h7xx_hal.o
    0x08002228   0x08002228   0x000000ac   Code   RO          529    i.HAL_FMC_MspInit   stm32h7xx_hal_msp.o
    0x080022d4   0x080022d4   0x000000ec   Code   RO           17    i.HAL_GPIO_EXTI_Callback  main.o
    0x080023c0   0x080023c0   0x00000018   Code   RO         1817    i.HAL_GPIO_EXTI_IRQHandler  stm32h7xx_hal_gpio.o
    0x080023d8   0x080023d8   0x0000021c   Code   RO         1818    i.HAL_GPIO_Init     stm32h7xx_hal_gpio.o
    0x080025f4   0x080025f4   0x0000000a   Code   RO         1820    i.HAL_GPIO_ReadPin  stm32h7xx_hal_gpio.o
    0x080025fe   0x080025fe   0x00000010   Code   RO         1821    i.HAL_GPIO_TogglePin  stm32h7xx_hal_gpio.o
    0x0800260e   0x0800260e   0x0000000a   Code   RO         1822    i.HAL_GPIO_WritePin  stm32h7xx_hal_gpio.o
    0x08002618   0x08002618   0x0000000c   Code   RO         2824    i.HAL_GetTick       stm32h7xx_hal.o
    0x08002624   0x08002624   0x00000010   Code   RO         2830    i.HAL_IncTick       stm32h7xx_hal.o
    0x08002634   0x08002634   0x0000005c   Code   RO         2831    i.HAL_Init          stm32h7xx_hal.o
    0x08002690   0x08002690   0x00000040   Code   RO         2832    i.HAL_InitTick      stm32h7xx_hal.o
    0x080026d0   0x080026d0   0x0000001c   Code   RO          530    i.HAL_MspInit       stm32h7xx_hal_msp.o
    0x080026ec   0x080026ec   0x000000e8   Code   RO         3902    i.HAL_NOR_Init      stm32h7xx_hal_nor.o
    0x080027d4   0x080027d4   0x00000004   Code   RO          532    i.HAL_NOR_MspInit   stm32h7xx_hal_msp.o
    0x080027d8   0x080027d8   0x0000007a   Code   RO         3912    i.HAL_NOR_ReturnToReadMode  stm32h7xx_hal_nor.o
    0x08002852   0x08002852   0x00000022   Code   RO         2665    i.HAL_NVIC_DisableIRQ  stm32h7xx_hal_cortex.o
    0x08002874   0x08002874   0x0000001a   Code   RO         2666    i.HAL_NVIC_EnableIRQ  stm32h7xx_hal_cortex.o
    0x0800288e   0x0800288e   0x00000002   PAD
    0x08002890   0x08002890   0x00000040   Code   RO         2672    i.HAL_NVIC_SetPriority  stm32h7xx_hal_cortex.o
    0x080028d0   0x080028d0   0x00000024   Code   RO         2673    i.HAL_NVIC_SetPriorityGrouping  stm32h7xx_hal_cortex.o
    0x080028f4   0x080028f4   0x00000028   Code   RO          969    i.HAL_PCDEx_ActivateLPM  stm32h7xx_hal_pcd_ex.o
    0x0800291c   0x0800291c   0x00000002   Code   RO          974    i.HAL_PCDEx_LPM_Callback  stm32h7xx_hal_pcd_ex.o
    0x0800291e   0x0800291e   0x00000008   Code   RO          975    i.HAL_PCDEx_SetRxFiFo  stm32h7xx_hal_pcd_ex.o
    0x08002926   0x08002926   0x00000046   Code   RO          976    i.HAL_PCDEx_SetTxFiFo  stm32h7xx_hal_pcd_ex.o
    0x0800296c   0x0800296c   0x00000008   Code   RO         6306    i.HAL_PCD_ConnectCallback  usbd_conf.o
    0x08002974   0x08002974   0x00000012   Code   RO         6307    i.HAL_PCD_DataInStageCallback  usbd_conf.o
    0x08002986   0x08002986   0x00000014   Code   RO         6308    i.HAL_PCD_DataOutStageCallback  usbd_conf.o
    0x0800299a   0x0800299a   0x00000008   Code   RO         6309    i.HAL_PCD_DisconnectCallback  usbd_conf.o
    0x080029a2   0x080029a2   0x0000001e   Code   RO          623    i.HAL_PCD_EP_Abort  stm32h7xx_hal_pcd.o
    0x080029c0   0x080029c0   0x0000004c   Code   RO          624    i.HAL_PCD_EP_Close  stm32h7xx_hal_pcd.o
    0x08002a0c   0x08002a0c   0x0000005c   Code   RO          625    i.HAL_PCD_EP_ClrStall  stm32h7xx_hal_pcd.o
    0x08002a68   0x08002a68   0x00000012   Code   RO          627    i.HAL_PCD_EP_GetRxCount  stm32h7xx_hal_pcd.o
    0x08002a7a   0x08002a7a   0x00000060   Code   RO          628    i.HAL_PCD_EP_Open   stm32h7xx_hal_pcd.o
    0x08002ada   0x08002ada   0x00000034   Code   RO          629    i.HAL_PCD_EP_Receive  stm32h7xx_hal_pcd.o
    0x08002b0e   0x08002b0e   0x00000074   Code   RO          630    i.HAL_PCD_EP_SetStall  stm32h7xx_hal_pcd.o
    0x08002b82   0x08002b82   0x00000034   Code   RO          631    i.HAL_PCD_EP_Transmit  stm32h7xx_hal_pcd.o
    0x08002bb6   0x08002bb6   0x00000002   PAD
    0x08002bb8   0x08002bb8   0x0000059c   Code   RO          633    i.HAL_PCD_IRQHandler  stm32h7xx_hal_pcd.o
    0x08003154   0x08003154   0x00000008   Code   RO         6310    i.HAL_PCD_ISOINIncompleteCallback  usbd_conf.o
    0x0800315c   0x0800315c   0x00000008   Code   RO         6311    i.HAL_PCD_ISOOUTIncompleteCallback  usbd_conf.o
    0x08003164   0x08003164   0x000000f2   Code   RO          636    i.HAL_PCD_Init      stm32h7xx_hal_pcd.o
    0x08003256   0x08003256   0x00000002   PAD
    0x08003258   0x08003258   0x00000064   Code   RO         6313    i.HAL_PCD_MspInit   usbd_conf.o
    0x080032bc   0x080032bc   0x0000002e   Code   RO         6314    i.HAL_PCD_ResetCallback  usbd_conf.o
    0x080032ea   0x080032ea   0x00000008   Code   RO         6315    i.HAL_PCD_ResumeCallback  usbd_conf.o
    0x080032f2   0x080032f2   0x00000008   Code   RO         6316    i.HAL_PCD_SOFCallback  usbd_conf.o
    0x080032fa   0x080032fa   0x00000028   Code   RO          642    i.HAL_PCD_SetAddress  stm32h7xx_hal_pcd.o
    0x08003322   0x08003322   0x0000000e   Code   RO         6317    i.HAL_PCD_SetupStageCallback  usbd_conf.o
    0x08003330   0x08003330   0x00000042   Code   RO          645    i.HAL_PCD_Start     stm32h7xx_hal_pcd.o
    0x08003372   0x08003372   0x00000002   PAD
    0x08003374   0x08003374   0x00000030   Code   RO         6318    i.HAL_PCD_SuspendCallback  usbd_conf.o
    0x080033a4   0x080033a4   0x00000054   Code   RO         2419    i.HAL_PWREx_ConfigSupply  stm32h7xx_hal_pwr_ex.o
    0x080033f8   0x080033f8   0x00000010   Code   RO         2436    i.HAL_PWREx_EnableUSBVoltageDetector  stm32h7xx_hal_pwr_ex.o
    0x08003408   0x08003408   0x00000024   Code   RO         1461    i.HAL_RCCEx_GetD3PCLK1Freq  stm32h7xx_hal_rcc_ex.o
    0x0800342c   0x0800342c   0x00000144   Code   RO         1463    i.HAL_RCCEx_GetPLL2ClockFreq  stm32h7xx_hal_rcc_ex.o
    0x08003570   0x08003570   0x00000144   Code   RO         1464    i.HAL_RCCEx_GetPLL3ClockFreq  stm32h7xx_hal_rcc_ex.o
    0x080036b4   0x080036b4   0x0000093a   Code   RO         1470    i.HAL_RCCEx_PeriphCLKConfig  stm32h7xx_hal_rcc_ex.o
    0x08003fee   0x08003fee   0x00000002   PAD
    0x08003ff0   0x08003ff0   0x0000025c   Code   RO         1346    i.HAL_RCC_ClockConfig  stm32h7xx_hal_rcc.o
    0x0800424c   0x0800424c   0x00000044   Code   RO         1351    i.HAL_RCC_GetHCLKFreq  stm32h7xx_hal_rcc.o
    0x08004290   0x08004290   0x00000024   Code   RO         1353    i.HAL_RCC_GetPCLK1Freq  stm32h7xx_hal_rcc.o
    0x080042b4   0x080042b4   0x00000024   Code   RO         1354    i.HAL_RCC_GetPCLK2Freq  stm32h7xx_hal_rcc.o
    0x080042d8   0x080042d8   0x00000138   Code   RO         1355    i.HAL_RCC_GetSysClockFreq  stm32h7xx_hal_rcc.o
    0x08004410   0x08004410   0x00000526   Code   RO         1358    i.HAL_RCC_OscConfig  stm32h7xx_hal_rcc.o
    0x08004936   0x08004936   0x00000002   PAD
    0x08004938   0x08004938   0x0000017c   Code   RO         4036    i.HAL_SPI_Init      stm32h7xx_hal_spi.o
    0x08004ab4   0x08004ab4   0x00000084   Code   RO          534    i.HAL_SPI_MspInit   stm32h7xx_hal_msp.o
    0x08004b38   0x08004b38   0x0000024e   Code   RO         4045    i.HAL_SPI_Transmit  stm32h7xx_hal_spi.o
    0x08004d86   0x08004d86   0x00000026   Code   RO         2677    i.HAL_SYSTICK_Config  stm32h7xx_hal_cortex.o
    0x08004dac   0x08004dac   0x000000b8   Code   RO         5093    i.HAL_TIMEx_MasterConfigSynchronization  stm32h7xx_hal_tim_ex.o
    0x08004e64   0x08004e64   0x00000050   Code   RO          535    i.HAL_TIM_MspPostInit  stm32h7xx_hal_msp.o
    0x08004eb4   0x08004eb4   0x00000124   Code   RO         4428    i.HAL_TIM_PWM_ConfigChannel  stm32h7xx_hal_tim.o
    0x08004fd8   0x08004fd8   0x00000062   Code   RO         4431    i.HAL_TIM_PWM_Init  stm32h7xx_hal_tim.o
    0x0800503a   0x0800503a   0x00000002   PAD
    0x0800503c   0x0800503c   0x00000028   Code   RO          537    i.HAL_TIM_PWM_MspInit  stm32h7xx_hal_msp.o
    0x08005064   0x08005064   0x00000124   Code   RO         4436    i.HAL_TIM_PWM_Start  stm32h7xx_hal_tim.o
    0x08005188   0x08005188   0x00000040   Code   RO         5793    i.HAL_UARTEx_DisableFifoMode  stm32h7xx_hal_uart_ex.o
    0x080051c8   0x080051c8   0x00000002   Code   RO         5382    i.HAL_UARTEx_RxEventCallback  stm32h7xx_hal_uart.o
    0x080051ca   0x080051ca   0x00000002   Code   RO         5801    i.HAL_UARTEx_RxFifoFullCallback  stm32h7xx_hal_uart_ex.o
    0x080051cc   0x080051cc   0x0000004c   Code   RO         5802    i.HAL_UARTEx_SetRxFifoThreshold  stm32h7xx_hal_uart_ex.o
    0x08005218   0x08005218   0x0000004c   Code   RO         5803    i.HAL_UARTEx_SetTxFifoThreshold  stm32h7xx_hal_uart_ex.o
    0x08005264   0x08005264   0x00000002   Code   RO         5805    i.HAL_UARTEx_TxFifoEmptyCallback  stm32h7xx_hal_uart_ex.o
    0x08005266   0x08005266   0x00000002   Code   RO         5806    i.HAL_UARTEx_WakeupCallback  stm32h7xx_hal_uart_ex.o
    0x08005268   0x08005268   0x00000002   Code   RO         5398    i.HAL_UART_ErrorCallback  stm32h7xx_hal_uart.o
    0x0800526a   0x0800526a   0x00000002   PAD
    0x0800526c   0x0800526c   0x00000388   Code   RO         5401    i.HAL_UART_IRQHandler  stm32h7xx_hal_uart.o
    0x080055f4   0x080055f4   0x0000006a   Code   RO         5402    i.HAL_UART_Init     stm32h7xx_hal_uart.o
    0x0800565e   0x0800565e   0x00000002   PAD
    0x08005660   0x08005660   0x00000098   Code   RO          539    i.HAL_UART_MspInit  stm32h7xx_hal_msp.o
    0x080056f8   0x080056f8   0x00000048   Code   RO         5407    i.HAL_UART_Receive_IT  stm32h7xx_hal_uart.o
    0x08005740   0x08005740   0x00000090   Code   RO           18    i.HAL_UART_RxCpltCallback  main.o
    0x080057d0   0x080057d0   0x00000098   Code   RO         5413    i.HAL_UART_Transmit_IT  stm32h7xx_hal_uart.o
    0x08005868   0x08005868   0x00000002   Code   RO         5414    i.HAL_UART_TxCpltCallback  stm32h7xx_hal_uart.o
    0x0800586a   0x0800586a   0x00000002   Code   RO          308    i.HardFault_Handler  stm32h7xx_it.o
    0x0800586c   0x0800586c   0x00000208   Code   RO           19    i.Init_window_func  main.o
    0x08005a74   0x08005a74   0x0000003e   Code   RO         6155    i.IntToUnicode      usbd_desc.o
    0x08005ab2   0x08005ab2   0x00000002   PAD
    0x08005ab4   0x08005ab4   0x00000048   Code   RO           20    i.MUX_4_16          main.o
    0x08005afc   0x08005afc   0x000000c8   Code   RO           21    i.MX_FMC_Init       main.o
    0x08005bc4   0x08005bc4   0x00000154   Code   RO           22    i.MX_GPIO_Init      main.o
    0x08005d18   0x08005d18   0x00000060   Code   RO           23    i.MX_SPI1_Init      main.o
    0x08005d78   0x08005d78   0x00000074   Code   RO           24    i.MX_TIM3_Init      main.o
    0x08005dec   0x08005dec   0x00000064   Code   RO           25    i.MX_USART1_UART_Init  main.o
    0x08005e50   0x08005e50   0x00000054   Code   RO         6093    i.MX_USB_DEVICE_Init  usb_device.o
    0x08005ea4   0x08005ea4   0x00000002   Code   RO          309    i.MemManage_Handler  stm32h7xx_it.o
    0x08005ea6   0x08005ea6   0x00000002   Code   RO          310    i.NMI_Handler       stm32h7xx_it.o
    0x08005ea8   0x08005ea8   0x0000000c   Code   RO          311    i.OTG_HS_IRQHandler  stm32h7xx_it.o
    0x08005eb4   0x08005eb4   0x000000cc   Code   RO          648    i.PCD_EP_OutXfrComplete_int  stm32h7xx_hal_pcd.o
    0x08005f80   0x08005f80   0x000000a2   Code   RO          649    i.PCD_WriteEmptyTxFifo  stm32h7xx_hal_pcd.o
    0x08006022   0x08006022   0x00000002   Code   RO          312    i.PendSV_Handler    stm32h7xx_it.o
    0x08006024   0x08006024   0x00000120   Code   RO         1473    i.RCCEx_PLL2_Config  stm32h7xx_hal_rcc_ex.o
    0x08006144   0x08006144   0x00000120   Code   RO         1474    i.RCCEx_PLL3_Config  stm32h7xx_hal_rcc_ex.o
    0x08006264   0x08006264   0x000000bc   Code   RO         4056    i.SPI_CloseTransfer  stm32h7xx_hal_spi.o
    0x08006320   0x08006320   0x00000046   Code   RO         4073    i.SPI_WaitOnFlagUntilTimeout  stm32h7xx_hal_spi.o
    0x08006366   0x08006366   0x00000002   Code   RO          313    i.SVC_Handler       stm32h7xx_it.o
    0x08006368   0x08006368   0x000002a0   Code   RO         5948    i.State_CMD         syssense.o
    0x08006608   0x08006608   0x00000004   Code   RO          314    i.SysTick_Handler   stm32h7xx_it.o
    0x0800660c   0x0800660c   0x0000009c   Code   RO           26    i.SystemClock_Config  main.o
    0x080066a8   0x080066a8   0x000000c0   Code   RO         5912    i.SystemInit        system_stm32h7xx.o
    0x08006768   0x08006768   0x000000d8   Code   RO         4449    i.TIM_Base_SetConfig  stm32h7xx_hal_tim.o
    0x08006840   0x08006840   0x0000001a   Code   RO         4450    i.TIM_CCxChannelCmd  stm32h7xx_hal_tim.o
    0x0800685a   0x0800685a   0x00000002   PAD
    0x0800685c   0x0800685c   0x000000a8   Code   RO         4462    i.TIM_OC1_SetConfig  stm32h7xx_hal_tim.o
    0x08006904   0x08006904   0x00000098   Code   RO         4463    i.TIM_OC2_SetConfig  stm32h7xx_hal_tim.o
    0x0800699c   0x0800699c   0x00000098   Code   RO         4464    i.TIM_OC3_SetConfig  stm32h7xx_hal_tim.o
    0x08006a34   0x08006a34   0x00000078   Code   RO         4465    i.TIM_OC4_SetConfig  stm32h7xx_hal_tim.o
    0x08006aac   0x08006aac   0x00000074   Code   RO         4466    i.TIM_OC5_SetConfig  stm32h7xx_hal_tim.o
    0x08006b20   0x08006b20   0x00000074   Code   RO         4467    i.TIM_OC6_SetConfig  stm32h7xx_hal_tim.o
    0x08006b94   0x08006b94   0x00000044   Code   RO         5807    i.UARTEx_SetNbDataToProcess  stm32h7xx_hal_uart_ex.o
    0x08006bd8   0x08006bd8   0x000000c8   Code   RO         5416    i.UART_AdvFeatureConfig  stm32h7xx_hal_uart.o
    0x08006ca0   0x08006ca0   0x000000aa   Code   RO         5417    i.UART_CheckIdleState  stm32h7xx_hal_uart.o
    0x08006d4a   0x08006d4a   0x00000014   Code   RO         5418    i.UART_DMAAbortOnError  stm32h7xx_hal_uart.o
    0x08006d5e   0x08006d5e   0x00000002   PAD
    0x08006d60   0x08006d60   0x00000054   Code   RO         5428    i.UART_EndRxTransfer  stm32h7xx_hal_uart.o
    0x08006db4   0x08006db4   0x000000c8   Code   RO         5430    i.UART_RxISR_16BIT  stm32h7xx_hal_uart.o
    0x08006e7c   0x08006e7c   0x000001a0   Code   RO         5431    i.UART_RxISR_16BIT_FIFOEN  stm32h7xx_hal_uart.o
    0x0800701c   0x0800701c   0x000000c8   Code   RO         5432    i.UART_RxISR_8BIT   stm32h7xx_hal_uart.o
    0x080070e4   0x080070e4   0x000001a0   Code   RO         5433    i.UART_RxISR_8BIT_FIFOEN  stm32h7xx_hal_uart.o
    0x08007284   0x08007284   0x000003dc   Code   RO         5434    i.UART_SetConfig    stm32h7xx_hal_uart.o
    0x08007660   0x08007660   0x00000110   Code   RO         5436    i.UART_Start_Receive_IT  stm32h7xx_hal_uart.o
    0x08007770   0x08007770   0x00000052   Code   RO         5437    i.UART_TxISR_16BIT  stm32h7xx_hal_uart.o
    0x080077c2   0x080077c2   0x00000002   PAD
    0x080077c4   0x080077c4   0x0000006a   Code   RO         5438    i.UART_TxISR_16BIT_FIFOEN  stm32h7xx_hal_uart.o
    0x0800782e   0x0800782e   0x0000004e   Code   RO         5439    i.UART_TxISR_8BIT   stm32h7xx_hal_uart.o
    0x0800787c   0x0800787c   0x00000066   Code   RO         5440    i.UART_TxISR_8BIT_FIFOEN  stm32h7xx_hal_uart.o
    0x080078e2   0x080078e2   0x0000008c   Code   RO         5441    i.UART_WaitOnFlagUntilTimeout  stm32h7xx_hal_uart.o
    0x0800796e   0x0800796e   0x00000002   PAD
    0x08007970   0x08007970   0x0000000c   Code   RO          315    i.USART1_IRQHandler  stm32h7xx_it.o
    0x0800797c   0x0800797c   0x00000078   Code   RO         6849    i.USBD_CDC_DataIn   usbd_cdc.o
    0x080079f4   0x080079f4   0x0000003e   Code   RO         6850    i.USBD_CDC_DataOut  usbd_cdc.o
    0x08007a32   0x08007a32   0x00000002   PAD
    0x08007a34   0x08007a34   0x00000094   Code   RO         6851    i.USBD_CDC_DeInit   usbd_cdc.o
    0x08007ac8   0x08007ac8   0x00000038   Code   RO         6852    i.USBD_CDC_EP0_RxReady  usbd_cdc.o
    0x08007b00   0x08007b00   0x0000000c   Code   RO         6853    i.USBD_CDC_GetDeviceQualifierDescriptor  usbd_cdc.o
    0x08007b0c   0x08007b0c   0x0000003c   Code   RO         6854    i.USBD_CDC_GetFSCfgDesc  usbd_cdc.o
    0x08007b48   0x08007b48   0x00000040   Code   RO         6855    i.USBD_CDC_GetHSCfgDesc  usbd_cdc.o
    0x08007b88   0x08007b88   0x0000003c   Code   RO         6856    i.USBD_CDC_GetOtherSpeedCfgDesc  usbd_cdc.o
    0x08007bc4   0x08007bc4   0x00000160   Code   RO         6857    i.USBD_CDC_Init     usbd_cdc.o
    0x08007d24   0x08007d24   0x00000048   Code   RO         6858    i.USBD_CDC_ReceivePacket  usbd_cdc.o
    0x08007d6c   0x08007d6c   0x00000018   Code   RO         6859    i.USBD_CDC_RegisterInterface  usbd_cdc.o
    0x08007d84   0x08007d84   0x0000001c   Code   RO         6860    i.USBD_CDC_SetRxBuffer  usbd_cdc.o
    0x08007da0   0x08007da0   0x00000020   Code   RO         6861    i.USBD_CDC_SetTxBuffer  usbd_cdc.o
    0x08007dc0   0x08007dc0   0x00000110   Code   RO         6862    i.USBD_CDC_Setup    usbd_cdc.o
    0x08007ed0   0x08007ed0   0x00000054   Code   RO         6863    i.USBD_CDC_TransmitPacket  usbd_cdc.o
    0x08007f24   0x08007f24   0x00000014   Code   RO         6517    i.USBD_ClrClassConfig  usbd_core.o
    0x08007f38   0x08007f38   0x00000026   Code   RO         6683    i.USBD_ClrFeature   usbd_ctlreq.o
    0x08007f5e   0x08007f5e   0x00000004   Code   RO         6518    i.USBD_CoreFindEP   usbd_core.o
    0x08007f62   0x08007f62   0x00000004   Code   RO         6519    i.USBD_CoreFindIF   usbd_core.o
    0x08007f66   0x08007f66   0x00000010   Code   RO         6785    i.USBD_CtlContinueRx  usbd_ioreq.o
    0x08007f76   0x08007f76   0x00000010   Code   RO         6786    i.USBD_CtlContinueSendData  usbd_ioreq.o
    0x08007f86   0x08007f86   0x00000018   Code   RO         6684    i.USBD_CtlError     usbd_ctlreq.o
    0x08007f9e   0x08007f9e   0x0000001e   Code   RO         6787    i.USBD_CtlPrepareRx  usbd_ioreq.o
    0x08007fbc   0x08007fbc   0x00000016   Code   RO         6788    i.USBD_CtlReceiveStatus  usbd_ioreq.o
    0x08007fd2   0x08007fd2   0x0000001a   Code   RO         6789    i.USBD_CtlSendData  usbd_ioreq.o
    0x08007fec   0x08007fec   0x00000016   Code   RO         6790    i.USBD_CtlSendStatus  usbd_ioreq.o
    0x08008002   0x08008002   0x00000034   Code   RO         6685    i.USBD_GetConfig    usbd_ctlreq.o
    0x08008036   0x08008036   0x000001b4   Code   RO         6686    i.USBD_GetDescriptor  usbd_ctlreq.o
    0x080081ea   0x080081ea   0x0000003c   Code   RO         6521    i.USBD_GetEpDesc    usbd_core.o
    0x08008226   0x08008226   0x00000018   Code   RO         6687    i.USBD_GetLen       usbd_ctlreq.o
    0x0800823e   0x0800823e   0x0000000e   Code   RO         6522    i.USBD_GetNextDesc  usbd_core.o
    0x0800824c   0x0800824c   0x00000036   Code   RO         6688    i.USBD_GetStatus    usbd_ctlreq.o
    0x08008282   0x08008282   0x00000044   Code   RO         6689    i.USBD_GetString    usbd_ctlreq.o
    0x080082c6   0x080082c6   0x00000024   Code   RO         6319    i.USBD_Get_USB_Status  usbd_conf.o
    0x080082ea   0x080082ea   0x00000002   PAD
    0x080082ec   0x080082ec   0x00000030   Code   RO         6156    i.USBD_HS_ConfigStrDescriptor  usbd_desc.o
    0x0800831c   0x0800831c   0x0000000c   Code   RO         6157    i.USBD_HS_DeviceDescriptor  usbd_desc.o
    0x08008328   0x08008328   0x00000034   Code   RO         6158    i.USBD_HS_InterfaceStrDescriptor  usbd_desc.o
    0x0800835c   0x0800835c   0x0000000c   Code   RO         6159    i.USBD_HS_LangIDStrDescriptor  usbd_desc.o
    0x08008368   0x08008368   0x00000028   Code   RO         6160    i.USBD_HS_ManufacturerStrDescriptor  usbd_desc.o
    0x08008390   0x08008390   0x0000003c   Code   RO         6161    i.USBD_HS_ProductStrDescriptor  usbd_desc.o
    0x080083cc   0x080083cc   0x00000014   Code   RO         6162    i.USBD_HS_SerialStrDescriptor  usbd_desc.o
    0x080083e0   0x080083e0   0x00000028   Code   RO         6523    i.USBD_Init         usbd_core.o
    0x08008408   0x08008408   0x00000012   Code   RO         6320    i.USBD_LL_ClearStallEP  usbd_conf.o
    0x0800841a   0x0800841a   0x00000012   Code   RO         6321    i.USBD_LL_CloseEP   usbd_conf.o
    0x0800842c   0x0800842c   0x000000dc   Code   RO         6524    i.USBD_LL_DataInStage  usbd_core.o
    0x08008508   0x08008508   0x000000d0   Code   RO         6525    i.USBD_LL_DataOutStage  usbd_core.o
    0x080085d8   0x080085d8   0x00000004   Code   RO         6526    i.USBD_LL_DevConnected  usbd_core.o
    0x080085dc   0x080085dc   0x00000020   Code   RO         6527    i.USBD_LL_DevDisconnected  usbd_core.o
    0x080085fc   0x080085fc   0x00000008   Code   RO         6325    i.USBD_LL_GetRxDataSize  usbd_conf.o
    0x08008604   0x08008604   0x00000068   Code   RO         6326    i.USBD_LL_Init      usbd_conf.o
    0x0800866c   0x0800866c   0x00000022   Code   RO         6327    i.USBD_LL_IsStallEP  usbd_conf.o
    0x0800868e   0x0800868e   0x0000002a   Code   RO         6528    i.USBD_LL_IsoINIncomplete  usbd_core.o
    0x080086b8   0x080086b8   0x0000002a   Code   RO         6529    i.USBD_LL_IsoOUTIncomplete  usbd_core.o
    0x080086e2   0x080086e2   0x00000018   Code   RO         6328    i.USBD_LL_OpenEP    usbd_conf.o
    0x080086fa   0x080086fa   0x00000012   Code   RO         6329    i.USBD_LL_PrepareReceive  usbd_conf.o
    0x0800870c   0x0800870c   0x00000060   Code   RO         6530    i.USBD_LL_Reset     usbd_core.o
    0x0800876c   0x0800876c   0x00000014   Code   RO         6531    i.USBD_LL_Resume    usbd_core.o
    0x08008780   0x08008780   0x0000001a   Code   RO         6532    i.USBD_LL_SOF       usbd_core.o
    0x0800879a   0x0800879a   0x00000006   Code   RO         6533    i.USBD_LL_SetSpeed  usbd_core.o
    0x080087a0   0x080087a0   0x00000012   Code   RO         6330    i.USBD_LL_SetUSBAddress  usbd_conf.o
    0x080087b2   0x080087b2   0x00000064   Code   RO         6534    i.USBD_LL_SetupStage  usbd_core.o
    0x08008816   0x08008816   0x00000012   Code   RO         6331    i.USBD_LL_StallEP   usbd_conf.o
    0x08008828   0x08008828   0x00000012   Code   RO         6332    i.USBD_LL_Start     usbd_conf.o
    0x0800883a   0x0800883a   0x0000001a   Code   RO         6535    i.USBD_LL_Suspend   usbd_core.o
    0x08008854   0x08008854   0x00000012   Code   RO         6334    i.USBD_LL_Transmit  usbd_conf.o
    0x08008866   0x08008866   0x00000032   Code   RO         6690    i.USBD_ParseSetupRequest  usbd_ctlreq.o
    0x08008898   0x08008898   0x0000003a   Code   RO         6536    i.USBD_RegisterClass  usbd_core.o
    0x080088d2   0x080088d2   0x00000004   Code   RO         6537    i.USBD_RunTestMode  usbd_core.o
    0x080088d6   0x080088d6   0x00000058   Code   RO         6691    i.USBD_SetAddress   usbd_ctlreq.o
    0x0800892e   0x0800892e   0x00000014   Code   RO         6538    i.USBD_SetClassConfig  usbd_core.o
    0x08008942   0x08008942   0x00000002   PAD
    0x08008944   0x08008944   0x000000dc   Code   RO         6692    i.USBD_SetConfig    usbd_ctlreq.o
    0x08008a20   0x08008a20   0x00000024   Code   RO         6693    i.USBD_SetFeature   usbd_ctlreq.o
    0x08008a44   0x08008a44   0x00000004   Code   RO         6539    i.USBD_Start        usbd_core.o
    0x08008a48   0x08008a48   0x00000076   Code   RO         6694    i.USBD_StdDevReq    usbd_ctlreq.o
    0x08008abe   0x08008abe   0x0000022e   Code   RO         6695    i.USBD_StdEPReq     usbd_ctlreq.o
    0x08008cec   0x08008cec   0x0000008e   Code   RO         6696    i.USBD_StdItfReq    usbd_ctlreq.o
    0x08008d7a   0x08008d7a   0x00000002   Code   RO         6335    i.USBD_static_free  usbd_conf.o
    0x08008d7c   0x08008d7c   0x00000008   Code   RO         6336    i.USBD_static_malloc  usbd_conf.o
    0x08008d84   0x08008d84   0x00000080   Code   RO         1041    i.USB_ActivateEndpoint  stm32h7xx_ll_usb.o
    0x08008e04   0x08008e04   0x0000001c   Code   RO         1043    i.USB_ActivateSetup  stm32h7xx_ll_usb.o
    0x08008e20   0x08008e20   0x00000068   Code   RO           27    i.USB_Close         main.o
    0x08008e88   0x08008e88   0x00000088   Code   RO         1045    i.USB_CoreInit      stm32h7xx_ll_usb.o
    0x08008f10   0x08008f10   0x00000040   Code   RO         1046    i.USB_CoreReset     stm32h7xx_ll_usb.o
    0x08008f50   0x08008f50   0x000000cc   Code   RO         1049    i.USB_DeactivateEndpoint  stm32h7xx_ll_usb.o
    0x0800901c   0x0800901c   0x0000001c   Code   RO         1050    i.USB_DevConnect    stm32h7xx_ll_usb.o
    0x08009038   0x08009038   0x0000001c   Code   RO         1051    i.USB_DevDisconnect  stm32h7xx_ll_usb.o
    0x08009054   0x08009054   0x00000178   Code   RO         1052    i.USB_DevInit       stm32h7xx_ll_usb.o
    0x080091cc   0x080091cc   0x0000000c   Code   RO         1053    i.USB_DisableGlobalInt  stm32h7xx_ll_usb.o
    0x080091d8   0x080091d8   0x00000058   Code   RO         1056    i.USB_EP0_OutStart  stm32h7xx_ll_usb.o
    0x08009230   0x08009230   0x00000058   Code   RO         1057    i.USB_EPClearStall  stm32h7xx_ll_usb.o
    0x08009288   0x08009288   0x00000058   Code   RO         1058    i.USB_EPSetStall    stm32h7xx_ll_usb.o
    0x080092e0   0x080092e0   0x00000238   Code   RO         1059    i.USB_EPStartXfer   stm32h7xx_ll_usb.o
    0x08009518   0x08009518   0x0000009e   Code   RO         1060    i.USB_EPStopXfer    stm32h7xx_ll_usb.o
    0x080095b6   0x080095b6   0x0000000c   Code   RO         1061    i.USB_EnableGlobalInt  stm32h7xx_ll_usb.o
    0x080095c2   0x080095c2   0x00000002   PAD
    0x080095c4   0x080095c4   0x0000003c   Code   RO         1062    i.USB_FlushRxFifo   stm32h7xx_ll_usb.o
    0x08009600   0x08009600   0x00000040   Code   RO         1063    i.USB_FlushTxFifo   stm32h7xx_ll_usb.o
    0x08009640   0x08009640   0x0000001a   Code   RO         1065    i.USB_GetDevSpeed   stm32h7xx_ll_usb.o
    0x0800965a   0x0800965a   0x00000008   Code   RO         1067    i.USB_GetMode       stm32h7xx_ll_usb.o
    0x08009662   0x08009662   0x0000000e   Code   RO         1075    i.USB_ReadDevAllInEpInterrupt  stm32h7xx_ll_usb.o
    0x08009670   0x08009670   0x0000000e   Code   RO         1076    i.USB_ReadDevAllOutEpInterrupt  stm32h7xx_ll_usb.o
    0x0800967e   0x0800967e   0x00000024   Code   RO         1077    i.USB_ReadDevInEPInterrupt  stm32h7xx_ll_usb.o
    0x080096a2   0x080096a2   0x00000010   Code   RO         1078    i.USB_ReadDevOutEPInterrupt  stm32h7xx_ll_usb.o
    0x080096b2   0x080096b2   0x00000008   Code   RO         1079    i.USB_ReadInterrupts  stm32h7xx_ll_usb.o
    0x080096ba   0x080096ba   0x00000040   Code   RO         1080    i.USB_ReadPacket    stm32h7xx_ll_usb.o
    0x080096fa   0x080096fa   0x0000005e   Code   RO         1082    i.USB_SetCurrentMode  stm32h7xx_ll_usb.o
    0x08009758   0x08009758   0x00000022   Code   RO         1083    i.USB_SetDevAddress  stm32h7xx_ll_usb.o
    0x0800977a   0x0800977a   0x00000002   PAD
    0x0800977c   0x0800977c   0x000000e8   Code   RO         1085    i.USB_SetTurnaroundTime  stm32h7xx_ll_usb.o
    0x08009864   0x08009864   0x00000028   Code   RO         1088    i.USB_WritePacket   stm32h7xx_ll_usb.o
    0x0800988c   0x0800988c   0x00000002   Code   RO          316    i.UsageFault_Handler  stm32h7xx_it.o
    0x0800988e   0x0800988e   0x00000002   PAD
    0x08009890   0x08009890   0x00000024   Code   RO         7157    i.__0sprintf$bare   mc_w.l(printfb.o)
    0x080098b4   0x080098b4   0x00000022   Code   RO         2679    i.__NVIC_SetPriority  stm32h7xx_hal_cortex.o
    0x080098d6   0x080098d6   0x0000000e   Code   RO         7470    i.__scatterload_copy  mc_w.l(handlers.o)
    0x080098e4   0x080098e4   0x00000002   Code   RO         7471    i.__scatterload_null  mc_w.l(handlers.o)
    0x080098e6   0x080098e6   0x0000000e   Code   RO         7472    i.__scatterload_zeroinit  mc_w.l(handlers.o)
    0x080098f4   0x080098f4   0x00000022   Code   RO         7162    i._printf_core      mc_w.l(printfb.o)
    0x08009916   0x08009916   0x0000000a   Code   RO         7164    i._sputc            mc_w.l(printfb.o)
    0x08009920   0x08009920   0x00000138   Code   RO           28    i.arm_rfft_f32_32T  main.o
    0x08009a58   0x08009a58   0x0000004a   Code   RO         5951    i.hextoi            syssense.o
    0x08009aa2   0x08009aa2   0x00000002   PAD
    0x08009aa4   0x08009aa4   0x0000049c   Code   RO           30    i.main              main.o
    0x08009f40   0x08009f40   0x00000018   Data   RO         5442    .constdata          stm32h7xx_hal_uart.o
    0x08009f58   0x08009f58   0x00000010   Data   RO         5808    .constdata          stm32h7xx_hal_uart_ex.o
    0x08009f68   0x08009f68   0x00000010   Data   RO         5913    .constdata          system_stm32h7xx.o
    0x08009f78   0x08009f78   0x00000e10   Data   RO         7058    .rodata.armBitRevIndexTable1024  arm_cortexM7lfsp_math.lib(arm_common_tables.o)
    0x0800ad88   0x0800ad88   0x000001a0   Data   RO         7055    .rodata.armBitRevIndexTable128  arm_cortexM7lfsp_math.lib(arm_common_tables.o)
    0x0800af28   0x0800af28   0x00000028   Data   RO         7052    .rodata.armBitRevIndexTable16  arm_cortexM7lfsp_math.lib(arm_common_tables.o)
    0x0800af50   0x0800af50   0x00001dc0   Data   RO         7059    .rodata.armBitRevIndexTable2048  arm_cortexM7lfsp_math.lib(arm_common_tables.o)
    0x0800cd10   0x0800cd10   0x00000370   Data   RO         7056    .rodata.armBitRevIndexTable256  arm_cortexM7lfsp_math.lib(arm_common_tables.o)
    0x0800d080   0x0800d080   0x00000060   Data   RO         7053    .rodata.armBitRevIndexTable32  arm_cortexM7lfsp_math.lib(arm_common_tables.o)
    0x0800d0e0   0x0800d0e0   0x00000380   Data   RO         7057    .rodata.armBitRevIndexTable512  arm_cortexM7lfsp_math.lib(arm_common_tables.o)
    0x0800d460   0x0800d460   0x00000804   Data   RO         7110    .rodata.sinTable_f32  arm_cortexM7lfsp_math.lib(arm_common_tables.o)
    0x0800dc64   0x0800dc64   0x00002000   Data   RO         7031    .rodata.twiddleCoef_1024  arm_cortexM7lfsp_math.lib(arm_common_tables.o)
    0x0800fc64   0x0800fc64   0x00000400   Data   RO         7028    .rodata.twiddleCoef_128  arm_cortexM7lfsp_math.lib(arm_common_tables.o)
    0x08010064   0x08010064   0x00000080   Data   RO         7025    .rodata.twiddleCoef_16  arm_cortexM7lfsp_math.lib(arm_common_tables.o)
    0x080100e4   0x080100e4   0x00004000   Data   RO         7032    .rodata.twiddleCoef_2048  arm_cortexM7lfsp_math.lib(arm_common_tables.o)
    0x080140e4   0x080140e4   0x00000800   Data   RO         7029    .rodata.twiddleCoef_256  arm_cortexM7lfsp_math.lib(arm_common_tables.o)
    0x080148e4   0x080148e4   0x00000100   Data   RO         7026    .rodata.twiddleCoef_32  arm_cortexM7lfsp_math.lib(arm_common_tables.o)
    0x080149e4   0x080149e4   0x00001000   Data   RO         7030    .rodata.twiddleCoef_512  arm_cortexM7lfsp_math.lib(arm_common_tables.o)
    0x080159e4   0x080159e4   0x00001000   Data   RO         7075    .rodata.twiddleCoef_rfft_1024  arm_cortexM7lfsp_math.lib(arm_common_tables.o)
    0x080169e4   0x080169e4   0x00002000   Data   RO         7076    .rodata.twiddleCoef_rfft_2048  arm_cortexM7lfsp_math.lib(arm_common_tables.o)
    0x080189e4   0x080189e4   0x00000400   Data   RO         7073    .rodata.twiddleCoef_rfft_256  arm_cortexM7lfsp_math.lib(arm_common_tables.o)
    0x08018de4   0x08018de4   0x00000080   Data   RO         7070    .rodata.twiddleCoef_rfft_32  arm_cortexM7lfsp_math.lib(arm_common_tables.o)
    0x08018e64   0x08018e64   0x00004000   Data   RO         7077    .rodata.twiddleCoef_rfft_4096  arm_cortexM7lfsp_math.lib(arm_common_tables.o)
    0x0801ce64   0x0801ce64   0x00000800   Data   RO         7074    .rodata.twiddleCoef_rfft_512  arm_cortexM7lfsp_math.lib(arm_common_tables.o)
    0x0801d664   0x0801d664   0x00000100   Data   RO         7071    .rodata.twiddleCoef_rfft_64  arm_cortexM7lfsp_math.lib(arm_common_tables.o)
    0x0801d764   0x0801d764   0x00000020   Data   RO         7468    Region$$Table       anon$$obj.o


    Execution Region RW_IRAM1 (Exec base: 0x20000000, Load base: 0x0801d784, Size: 0x00000000, Max: 0x00020000, ABSOLUTE)

    **** No section assigned to this execution region ****


    Execution Region RW_IRAM2 (Exec base: 0x24000000, Load base: 0x0801d784, Size: 0x00015bb8, Max: 0x00050000, ABSOLUTE)

    Exec Addr    Load Addr    Size         Type   Attr      Idx    E Section Name        Object

    0x24000000   0x0801d784   0x00000014   Data   RW           39    .data               main.o
    0x24000014   0x0801d798   0x00000008   Data   RW          540    .data               stm32h7xx_hal_msp.o
    0x2400001c   0x0801d7a0   0x0000000c   Data   RW         2855    .data               stm32h7xx_hal.o
    0x24000028   0x0801d7ac   0x00000004   Data   RW         3915    .data               stm32h7xx_hal_nor.o
    0x2400002c   0x0801d7b0   0x00000008   Data   RW         5914    .data               system_stm32h7xx.o
    0x24000034   0x0801d7b8   0x0000001c   Data   RW         6164    .data               usbd_desc.o
    0x24000050   0x0801d7d4   0x00000032   Data   RW         6165    .data               usbd_desc.o
    0x24000082   0x0801d806   0x00000002   PAD
    0x24000084   0x0801d808   0x00000014   Data   RW         6252    .data               usbd_cdc_if.o
    0x24000098   0x0801d81c   0x00000001   Data   RW         6697    .data               usbd_ctlreq.o
    0x24000099   0x0801d81d   0x00000003   PAD
    0x2400009c   0x0801d820   0x00000053   Data   RW         6864    .data               usbd_cdc.o
    0x240000ef   0x0801d873   0x00000001   PAD
    0x240000f0   0x0801d874   0x00000038   Data   RW         6865    .data               usbd_cdc.o
    0x24000128        -       0x00013a88   Zero   RW           31    .bss                main.o
    0x24013bb0        -       0x000002dc   Zero   RW         6094    .bss                usb_device.o
    0x24013e8c        -       0x00000200   Zero   RW         6163    .bss                usbd_desc.o
    0x2401408c        -       0x00001000   Zero   RW         6251    .bss                usbd_cdc_if.o
    0x2401508c        -       0x0000072c   Zero   RW         6337    .bss                usbd_conf.o
    0x240157b8        -       0x00000400   Zero   RW            1    STACK               startup_stm32h723xx.o


==============================================================================

Image component sizes


      Code (inc. data)   RO Data    RW Data    ZI Data      Debug   Object Name

      3770        398          0         20      80520    1171486   main.o
        36          8        716          0       1024        852   startup_stm32h723xx.o
       220         40          0         12          0      24129   stm32h7xx_hal.o
       232         12          0          0          0      40689   stm32h7xx_hal_cortex.o
      1508         70          0          0          0       4175   stm32h7xx_hal_dma.o
       600         44          0          0          0       4587   stm32h7xx_hal_gpio.o
       608         74          0          8          0       5485   stm32h7xx_hal_msp.o
       354         10          0          4          0       4950   stm32h7xx_hal_nor.o
      2682         16          0          0          0    1223865   stm32h7xx_hal_pcd.o
       120          6          0          0          0       3575   stm32h7xx_hal_pcd_ex.o
       100         10          0          0          0       1470   stm32h7xx_hal_pwr_ex.o
      2374        102          0          0          0       7520   stm32h7xx_hal_rcc.o
      3622        112          0          0          0       8205   stm32h7xx_hal_rcc_ex.o
      1228         14          0          0          0       5258   stm32h7xx_hal_spi.o
      1748        242          0          0          0      10898   stm32h7xx_hal_tim.o
       184         38          0          0          0       1716   stm32h7xx_hal_tim_ex.o
      4714        218         24          0          0      41405   stm32h7xx_hal_uart.o
       290          6         16          0          0       5962   stm32h7xx_hal_uart_ex.o
        80         12          0          0          0    1069813   stm32h7xx_it.o
       332         14          0          0          0       4829   stm32h7xx_ll_fmc.o
      2716        134          0          0          0      24916   stm32h7xx_ll_usb.o
       750         16          0          0          0     933779   syssense.o
       192         34         16          8          0       1654   system_stm32h7xx.o
        84         18          0          0        732       8571   usb_device.o
      1446         40          0        139          0      15261   usbd_cdc.o
       120         20          0         20       4096       4436   usbd_cdc_if.o
       636         20          0          0       1836      17632   usbd_conf.o
      1050          0          0          0          0      17061   usbd_core.o
      1908         28          0          1          0      18580   usbd_ctlreq.o
       362        110          0         78        512       7341   usbd_desc.o
       132          0          0          0          0       4808   usbd_ioreq.o

    ----------------------------------------------------------------------
     34246       1866        804        296      88720    4694908   Object Totals
         0          0         32          0          0          0   (incl. Generated)
        48          0          0          6          0          0   (incl. Padding)

    ----------------------------------------------------------------------

      Code (inc. data)   RO Data    RW Data    ZI Data      Debug   Library Member Name

        76          0          0          0          0       1250   arm_bitreversal2.o
      1590          0          0          0          0       6236   arm_cfft_f32.o
      1316          8          0          0          0       4910   arm_cfft_radix8_f32.o
         0          0      79852          0          0       4961   arm_common_tables.o
       144         12          0          0          0       1111   arm_cos_f32.o
       414          0          0          0          0       2840   arm_rfft_fast_f32.o
       530          0          0          0          0       3498   arm_rfft_fast_init_f32.o
         0          0          0          0          0          0   entry.o
         0          0          0          0          0          0   entry10a.o
         0          0          0          0          0          0   entry11a.o
         8          4          0          0          0          0   entry2.o
         4          0          0          0          0          0   entry5.o
         0          0          0          0          0          0   entry7b.o
         0          0          0          0          0          0   entry8b.o
         8          4          0          0          0          0   entry9a.o
        30          0          0          0          0          0   handlers.o
        36          8          0          0          0         68   init.o
         0          0          0          0          0          0   iusefp.o
        30          0          0          0          0         68   llshl.o
        36          0          0          0          0         68   llsshr.o
        32          0          0          0          0         68   llushr.o
        36          0          0          0          0         68   memcpya.o
        36          0          0          0          0        108   memseta.o
        80          4          0          0          0        236   printfb.o
        98          0          0          0          0         92   uldiv.o
        56          0          0          0          0         88   d2f.o
       334          0          0          0          0        148   dadd.o
       222          0          0          0          0        100   ddiv.o
       186          0          0          0          0        176   depilogue.o
        62          0          0          0          0         80   dfixi.o
        34          0          0          0          0         76   dflti.o
        26          0          0          0          0         76   dfltui.o
       228          0          0          0          0         96   dmul.o
        38          0          0          0          0         68   f2d.o
       110          0          0          0          0        168   fepilogue.o

    ----------------------------------------------------------------------
      5806         40      79852          0          0      26658   Library Totals
         6          0          0          0          0          0   (incl. Padding)

    ----------------------------------------------------------------------

      Code (inc. data)   RO Data    RW Data    ZI Data      Debug   Library Name

      4070         20      79852          0          0      24806   arm_cortexM7lfsp_math.lib
       434         20          0          0          0        776   mc_w.l
      1296          0          0          0          0       1076   mf_w.l

    ----------------------------------------------------------------------
      5806         40      79852          0          0      26658   Library Totals

    ----------------------------------------------------------------------

==============================================================================


      Code (inc. data)   RO Data    RW Data    ZI Data      Debug   

     40052       1906      80656        296      88720    4695006   Grand Totals
     40052       1906      80656        296      88720    4695006   ELF Image Totals
     40052       1906      80656        296          0          0   ROM Totals

==============================================================================

    Total RO  Size (Code + RO Data)               120708 ( 117.88kB)
    Total RW  Size (RW Data + ZI Data)             89016 (  86.93kB)
    Total ROM Size (Code + RO Data + RW Data)     121004 ( 118.17kB)

==============================================================================

